Archive member included to satisfy reference by file (symbol)

/home/warchlak/.p2/pool/plugins/fr.ac6.mcu.externaltools.arm-none.linux64_1.17.0.201812190825/tools/compiler/bin/../lib/gcc/arm-none-eabi/7.3.1/thumb/v7-m/libgcc.a(_arm_addsubdf3.o)
                              src/main.o (__aeabi_dadd)
/home/warchlak/.p2/pool/plugins/fr.ac6.mcu.externaltools.arm-none.linux64_1.17.0.201812190825/tools/compiler/bin/../lib/gcc/arm-none-eabi/7.3.1/thumb/v7-m/libgcc.a(_arm_muldivdf3.o)
                              src/main.o (__aeabi_dmul)
/home/warchlak/.p2/pool/plugins/fr.ac6.mcu.externaltools.arm-none.linux64_1.17.0.201812190825/tools/compiler/bin/../lib/gcc/arm-none-eabi/7.3.1/thumb/v7-m/libgcc.a(_arm_truncdfsf2.o)
                              src/main.o (__aeabi_d2f)
/home/warchlak/.p2/pool/plugins/fr.ac6.mcu.externaltools.arm-none.linux64_1.17.0.201812190825/tools/compiler/bin/../lib/gcc/arm-none-eabi/7.3.1/thumb/v7-m/libgcc.a(_arm_addsubsf3.o)
                              src/main.o (__aeabi_fsub)
/home/warchlak/.p2/pool/plugins/fr.ac6.mcu.externaltools.arm-none.linux64_1.17.0.201812190825/tools/compiler/bin/../lib/gcc/arm-none-eabi/7.3.1/thumb/v7-m/libgcc.a(_arm_muldivsf3.o)
                              src/main.o (__aeabi_fmul)
/home/warchlak/.p2/pool/plugins/fr.ac6.mcu.externaltools.arm-none.linux64_1.17.0.201812190825/tools/compiler/bin/../lib/gcc/arm-none-eabi/7.3.1/thumb/v7-m/libgcc.a(_arm_cmpsf2.o)
                              src/main.o (__aeabi_fcmpeq)
/home/warchlak/.p2/pool/plugins/fr.ac6.mcu.externaltools.arm-none.linux64_1.17.0.201812190825/tools/compiler/bin/../lib/gcc/arm-none-eabi/7.3.1/thumb/v7-m/libgcc.a(_arm_fixunssfsi.o)
                              src/main.o (__aeabi_f2uiz)
/home/warchlak/.p2/pool/plugins/fr.ac6.mcu.externaltools.arm-none.linux64_1.17.0.201812190825/tools/compiler/bin/../lib/gcc/arm-none-eabi/7.3.1/../../../../arm-none-eabi/lib/thumb/v7-m/libc.a(lib_a-errno.o)
                              src/syscalls.o (__errno)
/home/warchlak/.p2/pool/plugins/fr.ac6.mcu.externaltools.arm-none.linux64_1.17.0.201812190825/tools/compiler/bin/../lib/gcc/arm-none-eabi/7.3.1/../../../../arm-none-eabi/lib/thumb/v7-m/libc.a(lib_a-exit.o)
                              /home/warchlak/.p2/pool/plugins/fr.ac6.mcu.externaltools.arm-none.linux64_1.17.0.201812190825/tools/compiler/bin/../lib/gcc/arm-none-eabi/7.3.1/../../../../arm-none-eabi/lib/thumb/v7-m/crt0.o (exit)
/home/warchlak/.p2/pool/plugins/fr.ac6.mcu.externaltools.arm-none.linux64_1.17.0.201812190825/tools/compiler/bin/../lib/gcc/arm-none-eabi/7.3.1/../../../../arm-none-eabi/lib/thumb/v7-m/libc.a(lib_a-impure.o)
                              /home/warchlak/.p2/pool/plugins/fr.ac6.mcu.externaltools.arm-none.linux64_1.17.0.201812190825/tools/compiler/bin/../lib/gcc/arm-none-eabi/7.3.1/../../../../arm-none-eabi/lib/thumb/v7-m/libc.a(lib_a-exit.o) (_global_impure_ptr)
/home/warchlak/.p2/pool/plugins/fr.ac6.mcu.externaltools.arm-none.linux64_1.17.0.201812190825/tools/compiler/bin/../lib/gcc/arm-none-eabi/7.3.1/../../../../arm-none-eabi/lib/thumb/v7-m/libc.a(lib_a-init.o)
                              /home/warchlak/.p2/pool/plugins/fr.ac6.mcu.externaltools.arm-none.linux64_1.17.0.201812190825/tools/compiler/bin/../lib/gcc/arm-none-eabi/7.3.1/../../../../arm-none-eabi/lib/thumb/v7-m/crt0.o (__libc_init_array)
/home/warchlak/.p2/pool/plugins/fr.ac6.mcu.externaltools.arm-none.linux64_1.17.0.201812190825/tools/compiler/bin/../lib/gcc/arm-none-eabi/7.3.1/../../../../arm-none-eabi/lib/thumb/v7-m/libc.a(lib_a-memset.o)
                              /home/warchlak/.p2/pool/plugins/fr.ac6.mcu.externaltools.arm-none.linux64_1.17.0.201812190825/tools/compiler/bin/../lib/gcc/arm-none-eabi/7.3.1/../../../../arm-none-eabi/lib/thumb/v7-m/crt0.o (memset)
/home/warchlak/.p2/pool/plugins/fr.ac6.mcu.externaltools.arm-none.linux64_1.17.0.201812190825/tools/compiler/bin/../lib/gcc/arm-none-eabi/7.3.1/../../../../arm-none-eabi/lib/thumb/v7-m/libc.a(lib_a-__call_atexit.o)
                              /home/warchlak/.p2/pool/plugins/fr.ac6.mcu.externaltools.arm-none.linux64_1.17.0.201812190825/tools/compiler/bin/../lib/gcc/arm-none-eabi/7.3.1/../../../../arm-none-eabi/lib/thumb/v7-m/libc.a(lib_a-exit.o) (__call_exitprocs)
/home/warchlak/.p2/pool/plugins/fr.ac6.mcu.externaltools.arm-none.linux64_1.17.0.201812190825/tools/compiler/bin/../lib/gcc/arm-none-eabi/7.3.1/../../../../arm-none-eabi/lib/thumb/v7-m/libc.a(lib_a-atexit.o)
                              /home/warchlak/.p2/pool/plugins/fr.ac6.mcu.externaltools.arm-none.linux64_1.17.0.201812190825/tools/compiler/bin/../lib/gcc/arm-none-eabi/7.3.1/../../../../arm-none-eabi/lib/thumb/v7-m/libc.a(lib_a-__call_atexit.o) (atexit)
/home/warchlak/.p2/pool/plugins/fr.ac6.mcu.externaltools.arm-none.linux64_1.17.0.201812190825/tools/compiler/bin/../lib/gcc/arm-none-eabi/7.3.1/../../../../arm-none-eabi/lib/thumb/v7-m/libc.a(lib_a-fini.o)
[...]
Memory Configuration

Name             Origin             Length             Attributes
RAM              0x0000000020000000 0x0000000000005000 xrw
ROM              0x0000000008000000 0x0000000000010000 xr
*default*        0x0000000000000000 0xffffffffffffffff

Linker script and memory map

LOAD /home/warchlak/.p2/pool/plugins/fr.ac6.mcu.externaltools.arm-none.linux64_1.17.0.201812190825/tools/compiler/bin/../lib/gcc/arm-none-eabi/7.3.1/thumb/v7-m/crti.o
LOAD /home/warchlak/.p2/pool/plugins/fr.ac6.mcu.externaltools.arm-none.linux64_1.17.0.201812190825/tools/compiler/bin/../lib/gcc/arm-none-eabi/7.3.1/thumb/v7-m/crtbegin.o
LOAD /home/warchlak/.p2/pool/plugins/fr.ac6.mcu.externaltools.arm-none.linux64_1.17.0.201812190825/tools/compiler/bin/../lib/gcc/arm-none-eabi/7.3.1/../../../../arm-none-eabi/lib/thumb/v7-m/crt0.o
LOAD HAL_Driver/Src/stm32f1xx_hal.o
LOAD HAL_Driver/Src/stm32f1xx_hal_adc.o
LOAD HAL_Driver/Src/stm32f1xx_hal_adc_ex.o
LOAD HAL_Driver/Src/stm32f1xx_hal_cec.o
LOAD HAL_Driver/Src/stm32f1xx_hal_cortex.o
LOAD HAL_Driver/Src/stm32f1xx_hal_crc.o
LOAD HAL_Driver/Src/stm32f1xx_hal_dac.o
LOAD HAL_Driver/Src/stm32f1xx_hal_dac_ex.o
LOAD HAL_Driver/Src/stm32f1xx_hal_dma.o
LOAD HAL_Driver/Src/stm32f1xx_hal_eth.o
LOAD HAL_Driver/Src/stm32f1xx_hal_flash.o
LOAD HAL_Driver/Src/stm32f1xx_hal_flash_ex.o
LOAD HAL_Driver/Src/stm32f1xx_hal_gpio.o
LOAD HAL_Driver/Src/stm32f1xx_hal_gpio_ex.o
LOAD HAL_Driver/Src/stm32f1xx_hal_hcd.o
LOAD HAL_Driver/Src/stm32f1xx_hal_i2c.o
LOAD HAL_Driver/Src/stm32f1xx_hal_i2s.o
LOAD HAL_Driver/Src/stm32f1xx_hal_irda.o
LOAD HAL_Driver/Src/stm32f1xx_hal_iwdg.o
LOAD HAL_Driver/Src/stm32f1xx_hal_mmc.o
LOAD HAL_Driver/Src/stm32f1xx_hal_msp_template.o
LOAD HAL_Driver/Src/stm32f1xx_hal_nand.o
LOAD HAL_Driver/Src/stm32f1xx_hal_nor.o
LOAD HAL_Driver/Src/stm32f1xx_hal_pccard.o
LOAD HAL_Driver/Src/stm32f1xx_hal_pcd.o
LOAD HAL_Driver/Src/stm32f1xx_hal_pcd_ex.o
LOAD HAL_Driver/Src/stm32f1xx_hal_pwr.o
LOAD HAL_Driver/Src/stm32f1xx_hal_rcc.o
LOAD HAL_Driver/Src/stm32f1xx_hal_rcc_ex.o
LOAD HAL_Driver/Src/stm32f1xx_hal_rtc.o
LOAD HAL_Driver/Src/stm32f1xx_hal_rtc_ex.o
LOAD HAL_Driver/Src/stm32f1xx_hal_sd.o
LOAD HAL_Driver/Src/stm32f1xx_hal_smartcard.o
LOAD HAL_Driver/Src/stm32f1xx_hal_spi.o
LOAD HAL_Driver/Src/stm32f1xx_hal_spi_ex.o
LOAD HAL_Driver/Src/stm32f1xx_hal_sram.o
LOAD HAL_Driver/Src/stm32f1xx_hal_tim.o
LOAD HAL_Driver/Src/stm32f1xx_hal_tim_ex.o
LOAD HAL_Driver/Src/stm32f1xx_hal_uart.o
LOAD HAL_Driver/Src/stm32f1xx_hal_usart.o
LOAD HAL_Driver/Src/stm32f1xx_hal_wwdg.o
LOAD HAL_Driver/Src/stm32f1xx_ll_adc.o
LOAD HAL_Driver/Src/stm32f1xx_ll_crc.o
LOAD HAL_Driver/Src/stm32f1xx_ll_dac.o
LOAD HAL_Driver/Src/stm32f1xx_ll_dma.o
LOAD HAL_Driver/Src/stm32f1xx_ll_exti.o
LOAD HAL_Driver/Src/stm32f1xx_ll_fsmc.o
LOAD HAL_Driver/Src/stm32f1xx_ll_gpio.o
LOAD HAL_Driver/Src/stm32f1xx_ll_i2c.o
LOAD HAL_Driver/Src/stm32f1xx_ll_pwr.o
LOAD HAL_Driver/Src/stm32f1xx_ll_rcc.o
LOAD HAL_Driver/Src/stm32f1xx_ll_rtc.o
LOAD HAL_Driver/Src/stm32f1xx_ll_sdmmc.o
LOAD HAL_Driver/Src/stm32f1xx_ll_spi.o
LOAD HAL_Driver/Src/stm32f1xx_ll_tim.o
LOAD HAL_Driver/Src/stm32f1xx_ll_usart.o
LOAD HAL_Driver/Src/stm32f1xx_ll_usb.o
LOAD HAL_Driver/Src/stm32f1xx_ll_utils.o
LOAD src/dma.o
LOAD src/gpio.o
LOAD src/main.o
LOAD src/nRF24L01.o
LOAD src/spi.o
LOAD src/stm32f1xx_it.o
LOAD src/syscalls.o
LOAD src/system_stm32f1xx.o
LOAD src/ws2812b.o
LOAD startup/startup_stm32.o
LOAD /home/warchlak/.p2/pool/plugins/fr.ac6.mcu.externaltools.arm-none.linux64_1.17.0.201812190825/tools/compiler/bin/../lib/gcc/arm-none-eabi/7.3.1/../../../../arm-none-eabi/lib/thumb/v7-m/libm.a
START GROUP
LOAD /home/warchlak/.p2/pool/plugins/fr.ac6.mcu.externaltools.arm-none.linux64_1.17.0.201812190825/tools/compiler/bin/../lib/gcc/arm-none-eabi/7.3.1/thumb/v7-m/libgcc.a
LOAD /home/warchlak/.p2/pool/plugins/fr.ac6.mcu.externaltools.arm-none.linux64_1.17.0.201812190825/tools/compiler/bin/../lib/gcc/arm-none-eabi/7.3.1/../../../../arm-none-eabi/lib/thumb/v7-m/libc.a
END GROUP
LOAD /home/warchlak/.p2/pool/plugins/fr.ac6.mcu.externaltools.arm-none.linux64_1.17.0.201812190825/tools/compiler/bin/../lib/gcc/arm-none-eabi/7.3.1/thumb/v7-m/crtend.o
LOAD /home/warchlak/.p2/pool/plugins/fr.ac6.mcu.externaltools.arm-none.linux64_1.17.0.201812190825/tools/compiler/bin/../lib/gcc/arm-none-eabi/7.3.1/thumb/v7-m/crtn.o
                0x0000000020005000                _estack = 0x20005000
                0x0000000000000000                _Min_Heap_Size = 0x0
                0x0000000000000400                _Min_Stack_Size = 0x400

.isr_vector     0x0000000008000000      0x130
                0x0000000008000000                . = ALIGN (0x4)
 *(.isr_vector)
 .isr_vector    0x0000000008000000      0x130 startup/startup_stm32.o
                0x0000000008000000                g_pfnVectors
                0x0000000008000130                . = ALIGN (0x4)

.text           0x0000000008000130     0x45a8
                0x0000000008000130                . = ALIGN (0x4)
 *(.text)
 .text          0x0000000008000130       0x40 /home/warchlak/.p2/pool/plugins/fr.ac6.mcu.externaltools.arm-none.linux64_1.17.0.201812190825/tools/compiler/bin/../lib/gcc/arm-none-eabi/7.3.1/thumb/v7-m/crtbegin.o
 .text          0x0000000008000170      0x378 /home/warchlak/.p2/pool/plugins/fr.ac6.mcu.externaltools.arm-none.linux64_1.17.0.201812190825/tools/compiler/bin/../lib/gcc/arm-none-eabi/7.3.1/thumb/v7-m/libgcc.a(_arm_addsubdf3.o)
                0x0000000008000170                __aeabi_drsub
                0x0000000008000178                __aeabi_dsub
                0x0000000008000178                __subdf3
                0x000000000800017c                __adddf3
                0x000000000800017c                __aeabi_dadd
                0x00000000080003f4                __aeabi_ui2d
                0x00000000080003f4                __floatunsidf
                0x0000000008000414                __floatsidf
                0x0000000008000414                __aeabi_i2d
                0x0000000008000438                __extendsfdf2
                0x0000000008000438                __aeabi_f2d
                0x000000000800047c                __aeabi_ul2d
                0x000000000800047c                __floatundidf
                0x000000000800048c                __floatdidf
                0x000000000800048c                __aeabi_l2d
 .text          0x00000000080004e8      0x424 /home/warchlak/.p2/pool/plugins/fr.ac6.mcu.externaltools.arm-none.linux64_1.17.0.201812190825/tools/compiler/bin/../lib/gcc/arm-none-eabi/7.3.1/thumb/v7-m/libgcc.a(_arm_muldivdf3.o)
                0x00000000080004e8                __aeabi_dmul
                0x00000000080004e8                __muldf3
                0x000000000800073c                __aeabi_ddiv
                0x000000000800073c                __divdf3
 .text          0x000000000800090c       0xa0 /home/warchlak/.p2/pool/plugins/fr.ac6.mcu.externaltools.arm-none.linux64_1.17.0.201812190825/tools/compiler/bin/../lib/gcc/arm-none-eabi/7.3.1/thumb/v7-m/libgcc.a(_arm_truncdfsf2.o)
                0x000000000800090c                __aeabi_d2f
                0x000000000800090c                __truncdfsf2
 .text          0x00000000080009ac      0x21c /home/warchlak/.p2/pool/plugins/fr.ac6.mcu.externaltools.arm-none.linux64_1.17.0.201812190825/tools/compiler/bin/../lib/gcc/arm-none-eabi/7.3.1/thumb/v7-m/libgcc.a(_arm_addsubsf3.o)
                0x00000000080009ac                __aeabi_frsub
                0x00000000080009b4                __subsf3
                0x00000000080009b4                __aeabi_fsub
                0x00000000080009b8                __aeabi_fadd
                0x00000000080009b8                __addsf3
                0x0000000008000b18                __aeabi_ui2f
                0x0000000008000b18                __floatunsisf
                0x0000000008000b20                __aeabi_i2f
                0x0000000008000b20                __floatsisf
                0x0000000008000b3c                __floatundisf
                0x0000000008000b3c                __aeabi_ul2f
                0x0000000008000b4c                __floatdisf
                0x0000000008000b4c                __aeabi_l2f
 .text          0x0000000008000bc8      0x2a0 /home/warchlak/.p2/pool/plugins/fr.ac6.mcu.externaltools.arm-none.linux64_1.17.0.201812190825/tools/compiler/bin/../lib/gcc/arm-none-eabi/7.3.1/thumb/v7-m/libgcc.a(_arm_muldivsf3.o)
                0x0000000008000bc8                __mulsf3
                0x0000000008000bc8                __aeabi_fmul
                0x0000000008000d30                __divsf3
                0x0000000008000d30                __aeabi_fdiv
 .text          0x0000000008000e68       0xec /home/warchlak/.p2/pool/plugins/fr.ac6.mcu.externaltools.arm-none.linux64_1.17.0.201812190825/tools/compiler/bin/../lib/gcc/arm-none-eabi/7.3.1/thumb/v7-m/libgcc.a(_arm_cmpsf2.o)
                0x0000000008000e68                __gtsf2
                0x0000000008000e68                __gesf2
                0x0000000008000e70                __lesf2
                0x0000000008000e70                __ltsf2
                0x0000000008000e78                __nesf2
                0x0000000008000e78                __eqsf2
                0x0000000008000e78                __cmpsf2
                0x0000000008000ed8                __aeabi_cfrcmple
                0x0000000008000ee0                __aeabi_cfcmple
                0x0000000008000ee0                __aeabi_cfcmpeq
                0x0000000008000ef0                __aeabi_fcmpeq
                0x0000000008000f04                __aeabi_fcmplt
                0x0000000008000f18                __aeabi_fcmple
                0x0000000008000f2c                __aeabi_fcmpge
                0x0000000008000f40                __aeabi_fcmpgt
 .text          0x0000000008000f54       0x40 /home/warchlak/.p2/pool/plugins/fr.ac6.mcu.externaltools.arm-none.linux64_1.17.0.201812190825/tools/compiler/bin/../lib/gcc/arm-none-eabi/7.3.1/thumb/v7-m/libgcc.a(_arm_fixunssfsi.o)
                0x0000000008000f54                __aeabi_f2uiz
                0x0000000008000f54                __fixunssfsi
 *(.text*)
 .text.HAL_Init
                0x0000000008000f94       0x2c HAL_Driver/Src/stm32f1xx_hal.o
                0x0000000008000f94                HAL_Init
 .text.HAL_InitTick
                0x0000000008000fc0       0x60 HAL_Driver/Src/stm32f1xx_hal.o
                0x0000000008000fc0                HAL_InitTick
 .text.HAL_IncTick
                0x0000000008001020       0x24 HAL_Driver/Src/stm32f1xx_hal.o
                0x0000000008001020                HAL_IncTick
 .text.HAL_GetTick
                0x0000000008001044       0x14 HAL_Driver/Src/stm32f1xx_hal.o
                0x0000000008001044                HAL_GetTick
 .text.HAL_Delay
                0x0000000008001058       0x44 HAL_Driver/Src/stm32f1xx_hal.o
                0x0000000008001058                HAL_Delay
 .text.HAL_ADC_Init
                0x000000000800109c      0x1b0 HAL_Driver/Src/stm32f1xx_hal_adc.o
                0x000000000800109c                HAL_ADC_Init
 .text.HAL_ADC_MspInit
                0x000000000800124c       0x12 HAL_Driver/Src/stm32f1xx_hal_adc.o
                0x000000000800124c                HAL_ADC_MspInit
 *fill*         0x000000000800125e        0x2 
 .text.HAL_ADC_Start
                0x0000000008001260      0x15c HAL_Driver/Src/stm32f1xx_hal_adc.o
                0x0000000008001260                HAL_ADC_Start
 .text.HAL_ADC_GetValue
                0x00000000080013bc       0x18 HAL_Driver/Src/stm32f1xx_hal_adc.o
                0x00000000080013bc                HAL_ADC_GetValue
 .text.HAL_ADC_ConfigChannel
                0x00000000080013d4      0x1f0 HAL_Driver/Src/stm32f1xx_hal_adc.o
                0x00000000080013d4                HAL_ADC_ConfigChannel
 .text.ADC_Enable
                0x00000000080015c4       0xa4 HAL_Driver/Src/stm32f1xx_hal_adc.o
                0x00000000080015c4                ADC_Enable
 .text.ADC_ConversionStop_Disable
                0x0000000008001668       0x74 HAL_Driver/Src/stm32f1xx_hal_adc.o
                0x0000000008001668                ADC_ConversionStop_Disable
 .text.HAL_ADCEx_Calibration_Start
                0x00000000080016dc      0x138 HAL_Driver/Src/stm32f1xx_hal_adc_ex.o
                0x00000000080016dc                HAL_ADCEx_Calibration_Start
 .text.NVIC_SetPriorityGrouping
                0x0000000008001814       0x48 HAL_Driver/Src/stm32f1xx_hal_cortex.o
 .text.NVIC_GetPriorityGrouping
                0x000000000800185c       0x1c HAL_Driver/Src/stm32f1xx_hal_cortex.o
 .text.NVIC_EnableIRQ
                0x0000000008001878       0x30 HAL_Driver/Src/stm32f1xx_hal_cortex.o
 .text.NVIC_DisableIRQ
                0x00000000080018a8       0x34 HAL_Driver/Src/stm32f1xx_hal_cortex.o
 .text.NVIC_SetPriority
                0x00000000080018dc       0x54 HAL_Driver/Src/stm32f1xx_hal_cortex.o
 .text.NVIC_EncodePriority
                0x0000000008001930       0x64 HAL_Driver/Src/stm32f1xx_hal_cortex.o
 .text.SysTick_Config
                0x0000000008001994       0x44 HAL_Driver/Src/stm32f1xx_hal_cortex.o
 .text.HAL_NVIC_SetPriorityGrouping
                0x00000000080019d8       0x16 HAL_Driver/Src/stm32f1xx_hal_cortex.o
                0x00000000080019d8                HAL_NVIC_SetPriorityGrouping
 .text.HAL_NVIC_SetPriority
                0x00000000080019ee       0x38 HAL_Driver/Src/stm32f1xx_hal_cortex.o
                0x00000000080019ee                HAL_NVIC_SetPriority
 .text.HAL_NVIC_EnableIRQ
                0x0000000008001a26       0x1c HAL_Driver/Src/stm32f1xx_hal_cortex.o
                0x0000000008001a26                HAL_NVIC_EnableIRQ
 .text.HAL_NVIC_DisableIRQ
                0x0000000008001a42       0x1c HAL_Driver/Src/stm32f1xx_hal_cortex.o
                0x0000000008001a42                HAL_NVIC_DisableIRQ
 .text.HAL_SYSTICK_Config
                0x0000000008001a5e       0x18 HAL_Driver/Src/stm32f1xx_hal_cortex.o
                0x0000000008001a5e                HAL_SYSTICK_Config
 .text.HAL_SYSTICK_IRQHandler
                0x0000000008001a76        0xc HAL_Driver/Src/stm32f1xx_hal_cortex.o
                0x0000000008001a76                HAL_SYSTICK_IRQHandler
 .text.HAL_SYSTICK_Callback
                0x0000000008001a82        0xc HAL_Driver/Src/stm32f1xx_hal_cortex.o
                0x0000000008001a82                HAL_SYSTICK_Callback
 *fill*         0x0000000008001a8e        0x2 
 .text.HAL_DMA_Init
                0x0000000008001a90       0xb4 HAL_Driver/Src/stm32f1xx_hal_dma.o
                0x0000000008001a90                HAL_DMA_Init
 .text.HAL_GPIO_Init
                0x0000000008001b44      0x2bc HAL_Driver/Src/stm32f1xx_hal_gpio.o
                0x0000000008001b44                HAL_GPIO_Init
 .text.HAL_GPIO_WritePin
                0x0000000008001e00       0x30 HAL_Driver/Src/stm32f1xx_hal_gpio.o
                0x0000000008001e00                HAL_GPIO_WritePin
 .text.HAL_GPIO_EXTI_IRQHandler
                0x0000000008001e30       0x30 HAL_Driver/Src/stm32f1xx_hal_gpio.o
                0x0000000008001e30                HAL_GPIO_EXTI_IRQHandler
 .text.HAL_MspInit
                0x0000000008001e60        0xc HAL_Driver/Src/stm32f1xx_hal_msp_template.o
                0x0000000008001e60                HAL_MspInit
 .text.HAL_RCC_OscConfig
                0x0000000008001e6c      0x4c8 HAL_Driver/Src/stm32f1xx_hal_rcc.o
                0x0000000008001e6c                HAL_RCC_OscConfig
 .text.HAL_RCC_ClockConfig
                0x0000000008002334      0x218 HAL_Driver/Src/stm32f1xx_hal_rcc.o
                0x0000000008002334                HAL_RCC_ClockConfig
 .text.HAL_RCC_GetSysClockFreq
                0x000000000800254c       0xc4 HAL_Driver/Src/stm32f1xx_hal_rcc.o
                0x000000000800254c                HAL_RCC_GetSysClockFreq
 .text.HAL_RCC_GetHCLKFreq
                0x0000000008002610       0x14 HAL_Driver/Src/stm32f1xx_hal_rcc.o
                0x0000000008002610                HAL_RCC_GetHCLKFreq
 .text.HAL_RCC_GetPCLK2Freq
                0x0000000008002624       0x28 HAL_Driver/Src/stm32f1xx_hal_rcc.o
                0x0000000008002624                HAL_RCC_GetPCLK2Freq
 .text.RCC_Delay
                0x000000000800264c       0x3c HAL_Driver/Src/stm32f1xx_hal_rcc.o
 .text.HAL_RCCEx_PeriphCLKConfig
                0x0000000008002688      0x16c HAL_Driver/Src/stm32f1xx_hal_rcc_ex.o
                0x0000000008002688                HAL_RCCEx_PeriphCLKConfig
 .text.HAL_RCCEx_GetPeriphCLKFreq
                0x00000000080027f4      0x180 HAL_Driver/Src/stm32f1xx_hal_rcc_ex.o
                0x00000000080027f4                HAL_RCCEx_GetPeriphCLKFreq
 .text.HAL_SPI_Transmit
                0x0000000008002974      0x2c0 HAL_Driver/Src/stm32f1xx_hal_spi.o
                0x0000000008002974                HAL_SPI_Transmit
 .text.HAL_SPI_TransmitReceive
                0x0000000008002c34      0x454 HAL_Driver/Src/stm32f1xx_hal_spi.o
                0x0000000008002c34                HAL_SPI_TransmitReceive
 .text.SPI_WaitFlagStateUntilTimeout
                0x0000000008003088       0xd2 HAL_Driver/Src/stm32f1xx_hal_spi.o
 .text.SPI_CheckFlag_BSY
                0x000000000800315a       0x3c HAL_Driver/Src/stm32f1xx_hal_spi.o
 *fill*         0x0000000008003196        0x2 
 .text.HAL_SPI_Init
                0x0000000008003198       0xd0 HAL_Driver/Src/stm32f1xx_hal_spi_ex.o
                0x0000000008003198                HAL_SPI_Init
 .text.SPI_ISCRCErrorValid
                0x0000000008003268       0x14 HAL_Driver/Src/stm32f1xx_hal_spi_ex.o
                0x0000000008003268                SPI_ISCRCErrorValid
 .text.MX_DMA_Init
                0x000000000800327c       0x3c src/dma.o
                0x000000000800327c                MX_DMA_Init
 .text.MX_GPIO_Init
                0x00000000080032b8      0x130 src/gpio.o
                0x00000000080032b8                MX_GPIO_Init
 .text.calculateLightness
                0x00000000080033e8       0x94 src/main.o
                0x00000000080033e8                calculateLightness
 *fill*         0x000000000800347c        0x4 
 .text.calculateShutterPos
                0x0000000008003480       0x94 src/main.o
                0x0000000008003480                calculateShutterPos
 .text.HAL_GPIO_EXTI_Callback
                0x0000000008003514       0x34 src/main.o
                0x0000000008003514                HAL_GPIO_EXTI_Callback
 .text.main     0x0000000008003548      0x3c4 src/main.o
                0x0000000008003548                main
 .text.ADC_Config
                0x000000000800390c       0x9c src/main.o
                0x000000000800390c                ADC_Config
 .text.SystemClock_Config
                0x00000000080039a8       0x80 src/main.o
                0x00000000080039a8                SystemClock_Config
 .text.Error_Handler
                0x0000000008003a28        0xc src/main.o
                0x0000000008003a28                Error_Handler
 .text.rf_initialize
                0x0000000008003a34       0x38 src/nRF24L01.o
                0x0000000008003a34                rf_initialize
 .text.rf_set_receiver
                0x0000000008003a6c       0x34 src/nRF24L01.o
                0x0000000008003a6c                rf_set_receiver
 .text.rf_set_power_up
                0x0000000008003aa0       0x3c src/nRF24L01.o
                0x0000000008003aa0                rf_set_power_up
 .text.configure_as_transmitter
                0x0000000008003adc       0x88 src/nRF24L01.o
                0x0000000008003adc                configure_as_transmitter
 .text.configure_as_receiver
                0x0000000008003b64       0x84 src/nRF24L01.o
                0x0000000008003b64                configure_as_receiver
 .text.write_byte_to_register
                0x0000000008003be8       0x4c src/nRF24L01.o
                0x0000000008003be8                write_byte_to_register
 .text.rf_initialize_address
                0x0000000008003c34       0x54 src/nRF24L01.o
                0x0000000008003c34                rf_initialize_address
 .text.write_rx_address
                0x0000000008003c88       0x34 src/nRF24L01.o
                0x0000000008003c88                write_rx_address
 .text.write_tx_address
                0x0000000008003cbc       0x34 src/nRF24L01.o
                0x0000000008003cbc                write_tx_address
 .text.write_rx_shutter_address
                0x0000000008003cf0       0x34 src/nRF24L01.o
                0x0000000008003cf0                write_rx_shutter_address
 .text.write_tx_shutter_address
                0x0000000008003d24       0x34 src/nRF24L01.o
                0x0000000008003d24                write_tx_shutter_address
 .text.write_payload_width
                0x0000000008003d58       0x10 src/nRF24L01.o
                0x0000000008003d58                write_payload_width
 .text.read_status_register
                0x0000000008003d68       0x38 src/nRF24L01.o
                0x0000000008003d68                read_status_register
 .text.rf_clear_interrupt_flags
                0x0000000008003da0       0x1e src/nRF24L01.o
                0x0000000008003da0                rf_clear_interrupt_flags
 *fill*         0x0000000008003dbe        0x2 
 .text.clear_chip_select
                0x0000000008003dc0       0x20 src/nRF24L01.o
                0x0000000008003dc0                clear_chip_select
 .text.set_chip_select
                0x0000000008003de0       0x20 src/nRF24L01.o
                0x0000000008003de0                set_chip_select
 .text.write_payload
                0x0000000008003e00       0x40 src/nRF24L01.o
                0x0000000008003e00                write_payload
 .text.read_payload
                0x0000000008003e40       0x3c src/nRF24L01.o
                0x0000000008003e40                read_payload
 .text.get_payload
                0x0000000008003e7c       0x14 src/nRF24L01.o
                0x0000000008003e7c                get_payload
 .text.flush_rx
                0x0000000008003e90       0x38 src/nRF24L01.o
                0x0000000008003e90                flush_rx
 .text.flush_tx
                0x0000000008003ec8       0x38 src/nRF24L01.o
                0x0000000008003ec8                flush_tx
 .text.MX_SPI1_Init
                0x0000000008003f00       0x6c src/spi.o
                0x0000000008003f00                MX_SPI1_Init
 .text.MX_SPI2_Init
                0x0000000008003f6c       0x6c src/spi.o
                0x0000000008003f6c                MX_SPI2_Init
 .text.HAL_SPI_MspInit
                0x0000000008003fd8      0x14c src/spi.o
                0x0000000008003fd8                HAL_SPI_MspInit
 .text.SysTick_Handler
                0x0000000008004124       0x10 src/stm32f1xx_it.o
                0x0000000008004124                SysTick_Handler
 .text.EXTI9_5_IRQHandler
                0x0000000008004134       0x10 src/stm32f1xx_it.o
                0x0000000008004134                EXTI9_5_IRQHandler
 .text.SystemInit
                0x0000000008004144       0x68 src/system_stm32f1xx.o
                0x0000000008004144                SystemInit
 .text.init_spi
                0x00000000080041ac       0x1c src/ws2812b.o
                0x00000000080041ac                init_spi
 .text.set_diode_color
                0x00000000080041c8       0x68 src/ws2812b.o
                0x00000000080041c8                set_diode_color
 .text.encode_diode
                0x0000000008004230      0x1d0 src/ws2812b.o
                0x0000000008004230                encode_diode
 .text.send_data_to_spi
                0x0000000008004400       0x24 src/ws2812b.o
                0x0000000008004400                send_data_to_spi
 .text.encode_diodes
                0x0000000008004424       0x50 src/ws2812b.o
                0x0000000008004424                encode_diodes
 .text.Reset_Handler
                0x0000000008004474       0x50 startup/startup_stm32.o
                0x0000000008004474                Reset_Handler
 .text.Default_Handler
                0x00000000080044c4        0x2 startup/startup_stm32.o
                0x00000000080044c4                EXTI2_IRQHandler
                0x00000000080044c4                TIM8_TRG_COM_IRQHandler
                0x00000000080044c4                TIM8_CC_IRQHandler
                0x00000000080044c4                DebugMon_Handler
                0x00000000080044c4                TIM1_CC_IRQHandler
                0x00000000080044c4                HardFault_Handler
                0x00000000080044c4                TIM6_IRQHandler
                0x00000000080044c4                PVD_IRQHandler
                0x00000000080044c4                SDIO_IRQHandler
                0x00000000080044c4                PendSV_Handler
                0x00000000080044c4                NMI_Handler
                0x00000000080044c4                EXTI3_IRQHandler
                0x00000000080044c4                USB_HP_CAN_TX_IRQHandler
                0x00000000080044c4                EXTI0_IRQHandler
                0x00000000080044c4                I2C2_EV_IRQHandler
                0x00000000080044c4                UsageFault_Handler
                0x00000000080044c4                ADC1_2_IRQHandler
                0x00000000080044c4                SPI1_IRQHandler
                0x00000000080044c4                CAN_SCE_IRQHandler
                0x00000000080044c4                TAMPER_IRQHandler
                0x00000000080044c4                TIM8_UP_IRQHandler
                0x00000000080044c4                DMA2_Channel2_IRQHandler
                0x00000000080044c4                DMA1_Channel4_IRQHandler
                0x00000000080044c4                USART3_IRQHandler
                0x00000000080044c4                RTC_IRQHandler
                0x00000000080044c4                DMA1_Channel7_IRQHandler
                0x00000000080044c4                UART5_IRQHandler
                0x00000000080044c4                ADC3_IRQHandler
                0x00000000080044c4                TIM4_IRQHandler
                0x00000000080044c4                CAN_RX1_IRQHandler
                0x00000000080044c4                DMA2_Channel1_IRQHandler
                0x00000000080044c4                I2C1_EV_IRQHandler
                0x00000000080044c4                DMA1_Channel6_IRQHandler
                0x00000000080044c4                UART4_IRQHandler
                0x00000000080044c4                TIM3_IRQHandler
                0x00000000080044c4                RCC_IRQHandler
                0x00000000080044c4                TIM1_TRG_COM_IRQHandler
                0x00000000080044c4                DMA1_Channel1_IRQHandler
                0x00000000080044c4                Default_Handler
                0x00000000080044c4                EXTI15_10_IRQHandler
                0x00000000080044c4                TIM7_IRQHandler
                0x00000000080044c4                TIM5_IRQHandler
                0x00000000080044c4                SPI2_IRQHandler
                0x00000000080044c4                USB_LP_CAN_RX0_IRQHandler
                0x00000000080044c4                MemManage_Handler
                0x00000000080044c4                SVC_Handler
                0x00000000080044c4                DMA1_Channel5_IRQHandler
                0x00000000080044c4                EXTI4_IRQHandler
                0x00000000080044c4                DMA1_Channel3_IRQHandler
                0x00000000080044c4                FSMC_IRQHandler
                0x00000000080044c4                TIM1_UP_IRQHandler
                0x00000000080044c4                WWDG_IRQHandler
                0x00000000080044c4                TIM2_IRQHandler
                0x00000000080044c4                TIM1_BRK_IRQHandler
                0x00000000080044c4                EXTI1_IRQHandler
                0x00000000080044c4                RTCAlarm_IRQHandler
                0x00000000080044c4                DMA2_Channel4_5_IRQHandler
                0x00000000080044c4                USART2_IRQHandler
                0x00000000080044c4                I2C2_ER_IRQHandler
                0x00000000080044c4                DMA1_Channel2_IRQHandler
                0x00000000080044c4                TIM8_BRK_IRQHandler
                0x00000000080044c4                FLASH_IRQHandler
                0x00000000080044c4                BusFault_Handler
                0x00000000080044c4                USART1_IRQHandler
                0x00000000080044c4                SPI3_IRQHandler
                0x00000000080044c4                I2C1_ER_IRQHandler
                0x00000000080044c4                DMA2_Channel3_IRQHandler
 *fill*         0x00000000080044c6        0x2 
 .text.__libc_init_array
                0x00000000080044c8       0x48 /home/warchlak/.p2/pool/plugins/fr.ac6.mcu.externaltools.arm-none.linux64_1.17.0.201812190825/tools/compiler/bin/../lib/gcc/arm-none-eabi/7.3.1/../../../../arm-none-eabi/lib/thumb/v7-m/libc.a(lib_a-init.o)
                0x00000000080044c8                __libc_init_array
 .text.memset   0x0000000008004510       0x94 /home/warchlak/.p2/pool/plugins/fr.ac6.mcu.externaltools.arm-none.linux64_1.17.0.201812190825/tools/compiler/bin/../lib/gcc/arm-none-eabi/7.3.1/../../../../arm-none-eabi/lib/thumb/v7-m/libc.a(lib_a-memset.o)
                0x0000000008004510                memset
 .text.startup.register_fini
                0x00000000080045a4       0x14 /home/warchlak/.p2/pool/plugins/fr.ac6.mcu.externaltools.arm-none.linux64_1.17.0.201812190825/tools/compiler/bin/../lib/gcc/arm-none-eabi/7.3.1/../../../../arm-none-eabi/lib/thumb/v7-m/libc.a(lib_a-__call_atexit.o)
 .text.atexit   0x00000000080045b8        0xc /home/warchlak/.p2/pool/plugins/fr.ac6.mcu.externaltools.arm-none.linux64_1.17.0.201812190825/tools/compiler/bin/../lib/gcc/arm-none-eabi/7.3.1/../../../../arm-none-eabi/lib/thumb/v7-m/libc.a(lib_a-atexit.o)
                0x00000000080045b8                atexit
 .text.__libc_fini_array
                0x00000000080045c4       0x34 /home/warchlak/.p2/pool/plugins/fr.ac6.mcu.externaltools.arm-none.linux64_1.17.0.201812190825/tools/compiler/bin/../lib/gcc/arm-none-eabi/7.3.1/../../../../arm-none-eabi/lib/thumb/v7-m/libc.a(lib_a-fini.o)
                0x00000000080045c4                __libc_fini_array
 .text.__retarget_lock_acquire_recursive
                0x00000000080045f8        0x4 /home/warchlak/.p2/pool/plugins/fr.ac6.mcu.externaltools.arm-none.linux64_1.17.0.201812190825/tools/compiler/bin/../lib/gcc/arm-none-eabi/7.3.1/../../../../arm-none-eabi/lib/thumb/v7-m/libc.a(lib_a-lock.o)
                0x00000000080045f8                __retarget_lock_acquire_recursive
 .text.__retarget_lock_release_recursive
                0x00000000080045fc        0x4 /home/warchlak/.p2/pool/plugins/fr.ac6.mcu.externaltools.arm-none.linux64_1.17.0.201812190825/tools/compiler/bin/../lib/gcc/arm-none-eabi/7.3.1/../../../../arm-none-eabi/lib/thumb/v7-m/libc.a(lib_a-lock.o)
                0x00000000080045fc                __retarget_lock_release_recursive
 .text.__register_exitproc
                0x0000000008004600       0xc0 /home/warchlak/.p2/pool/plugins/fr.ac6.mcu.externaltools.arm-none.linux64_1.17.0.201812190825/tools/compiler/bin/../lib/gcc/arm-none-eabi/7.3.1/../../../../arm-none-eabi/lib/thumb/v7-m/libc.a(lib_a-__atexit.o)
                0x0000000008004600                __register_exitproc
 *(.glue_7)
 .glue_7        0x00000000080046c0        0x0 linker stubs
 *(.glue_7t)
 .glue_7t       0x00000000080046c0        0x0 linker stubs
 *(.eh_frame)
 .eh_frame      0x00000000080046c0        0x0 /home/warchlak/.p2/pool/plugins/fr.ac6.mcu.externaltools.arm-none.linux64_1.17.0.201812190825/tools/compiler/bin/../lib/gcc/arm-none-eabi/7.3.1/thumb/v7-m/crtbegin.o
 *(.init)
 .init          0x00000000080046c0        0x4 /home/warchlak/.p2/pool/plugins/fr.ac6.mcu.externaltools.arm-none.linux64_1.17.0.201812190825/tools/compiler/bin/../lib/gcc/arm-none-eabi/7.3.1/thumb/v7-m/crti.o
                0x00000000080046c0                _init
 .init          0x00000000080046c4        0x8 /home/warchlak/.p2/pool/plugins/fr.ac6.mcu.externaltools.arm-none.linux64_1.17.0.201812190825/tools/compiler/bin/../lib/gcc/arm-none-eabi/7.3.1/thumb/v7-m/crtn.o
 *(.fini)
 .fini          0x00000000080046cc        0x4 /home/warchlak/.p2/pool/plugins/fr.ac6.mcu.externaltools.arm-none.linux64_1.17.0.201812190825/tools/compiler/bin/../lib/gcc/arm-none-eabi/7.3.1/thumb/v7-m/crti.o
                0x00000000080046cc                _fini
 .fini          0x00000000080046d0        0x8 /home/warchlak/.p2/pool/plugins/fr.ac6.mcu.externaltools.arm-none.linux64_1.17.0.201812190825/tools/compiler/bin/../lib/gcc/arm-none-eabi/7.3.1/thumb/v7-m/crtn.o
                0x00000000080046d8                . = ALIGN (0x4)
                0x00000000080046d8                _etext = .

.vfp11_veneer   0x00000000080046d8        0x0
 .vfp11_veneer  0x00000000080046d8        0x0 linker stubs

.v4_bx          0x00000000080046d8        0x0
 .v4_bx         0x00000000080046d8        0x0 linker stubs

.iplt           0x00000000080046d8        0x0
 .iplt          0x00000000080046d8        0x0 /home/warchlak/.p2/pool/plugins/fr.ac6.mcu.externaltools.arm-none.linux64_1.17.0.201812190825/tools/compiler/bin/../lib/gcc/arm-none-eabi/7.3.1/thumb/v7-m/crtbegin.o

.rodata         0x00000000080046d8       0x4c
                0x00000000080046d8                . = ALIGN (0x4)
 *(.rodata)
 .rodata        0x00000000080046d8       0x12 HAL_Driver/Src/stm32f1xx_hal_rcc.o
 *fill*         0x00000000080046ea        0x2 
 .rodata        0x00000000080046ec       0x12 HAL_Driver/Src/stm32f1xx_hal_rcc_ex.o
 *fill*         0x00000000080046fe        0x2 
 .rodata        0x0000000008004700        0x5 src/main.o
 *fill*         0x0000000008004705        0x3 
 .rodata        0x0000000008004708       0x18 src/system_stm32f1xx.o
                0x0000000008004708                AHBPrescTable
                0x0000000008004718                APBPrescTable
 *(.rodata*)
 .rodata._global_impure_ptr
                0x0000000008004720        0x4 /home/warchlak/.p2/pool/plugins/fr.ac6.mcu.externaltools.arm-none.linux64_1.17.0.201812190825/tools/compiler/bin/../lib/gcc/arm-none-eabi/7.3.1/../../../../arm-none-eabi/lib/thumb/v7-m/libc.a(lib_a-impure.o)
                0x0000000008004720                _global_impure_ptr
                0x0000000008004724                . = ALIGN (0x4)

.rel.dyn        0x0000000008004724        0x0
 .rel.iplt      0x0000000008004724        0x0 /home/warchlak/.p2/pool/plugins/fr.ac6.mcu.externaltools.arm-none.linux64_1.17.0.201812190825/tools/compiler/bin/../lib/gcc/arm-none-eabi/7.3.1/thumb/v7-m/crtbegin.o

.ARM.extab      0x0000000008004724        0x0
                0x0000000008004724                . = ALIGN (0x4)
 *(.ARM.extab* .gnu.linkonce.armextab.*)
                0x0000000008004724                . = ALIGN (0x4)

.ARM            0x0000000008004724        0x0
                0x0000000008004724                . = ALIGN (0x4)
                0x0000000008004724                __exidx_start = .
 *(.ARM.exidx*)
                0x0000000008004724                __exidx_end = .
                0x0000000008004724                . = ALIGN (0x4)

.preinit_array  0x0000000008004724        0x0
                0x0000000008004724                . = ALIGN (0x4)
                0x0000000008004724                PROVIDE (__preinit_array_start = .)
 *(.preinit_array*)
                0x0000000008004724                PROVIDE (__preinit_array_end = .)
                0x0000000008004724                . = ALIGN (0x4)

.init_array     0x0000000008004724        0x8
                0x0000000008004724                . = ALIGN (0x4)
                0x0000000008004724                PROVIDE (__init_array_start = .)
 *(SORT_BY_NAME(.init_array.*))
 .init_array.00000
                0x0000000008004724        0x4 /home/warchlak/.p2/pool/plugins/fr.ac6.mcu.externaltools.arm-none.linux64_1.17.0.201812190825/tools/compiler/bin/../lib/gcc/arm-none-eabi/7.3.1/../../../../arm-none-eabi/lib/thumb/v7-m/libc.a(lib_a-__call_atexit.o)
 *(.init_array*)
 .init_array    0x0000000008004728        0x4 /home/warchlak/.p2/pool/plugins/fr.ac6.mcu.externaltools.arm-none.linux64_1.17.0.201812190825/tools/compiler/bin/../lib/gcc/arm-none-eabi/7.3.1/thumb/v7-m/crtbegin.o
                0x000000000800472c                PROVIDE (__init_array_end = .)
                0x000000000800472c                . = ALIGN (0x4)

.fini_array     0x000000000800472c        0x4
                0x000000000800472c                . = ALIGN (0x4)
                0x000000000800472c                PROVIDE (__fini_array_start = .)
 *(SORT_BY_NAME(.fini_array.*))
 *(.fini_array*)
 .fini_array    0x000000000800472c        0x4 /home/warchlak/.p2/pool/plugins/fr.ac6.mcu.externaltools.arm-none.linux64_1.17.0.201812190825/tools/compiler/bin/../lib/gcc/arm-none-eabi/7.3.1/thumb/v7-m/crtbegin.o
                0x0000000008004730                PROVIDE (__fini_array_end = .)
                0x0000000008004730                . = ALIGN (0x4)
                0x0000000008004730                _sidata = LOADADDR (.data)

.data           0x0000000020000000      0x45c load address 0x0000000008004730
                0x0000000020000000                . = ALIGN (0x4)
                0x0000000020000000                _sdata = .
 *(.data)
 .data          0x0000000020000000        0x5 HAL_Driver/Src/stm32f1xx_hal.o
                0x0000000020000000                uwTickPrio
                0x0000000020000004                uwTickFreq
 *fill*         0x0000000020000005        0x3 
 .data          0x0000000020000008       0x22 src/nRF24L01.o
                0x0000000020000008                rf_configuration
                0x0000000020000009                address_length
                0x000000002000000c                address_tx_write_command
                0x0000000020000014                address_rx_write_command
                0x000000002000001c                address_tx_write_shutter_command
                0x0000000020000024                address_rx_write_shutter_command
 *fill*         0x000000002000002a        0x2 
 .data          0x000000002000002c        0x4 src/system_stm32f1xx.o
                0x000000002000002c                SystemCoreClock
 *(.data*)
 .data.impure_data
                0x0000000020000030      0x428 /home/warchlak/.p2/pool/plugins/fr.ac6.mcu.externaltools.arm-none.linux64_1.17.0.201812190825/tools/compiler/bin/../lib/gcc/arm-none-eabi/7.3.1/../../../../arm-none-eabi/lib/thumb/v7-m/libc.a(lib_a-impure.o)
 .data.__atexit_recursive_mutex
                0x0000000020000458        0x4 /home/warchlak/.p2/pool/plugins/fr.ac6.mcu.externaltools.arm-none.linux64_1.17.0.201812190825/tools/compiler/bin/../lib/gcc/arm-none-eabi/7.3.1/../../../../arm-none-eabi/lib/thumb/v7-m/libc.a(lib_a-__call_atexit.o)
                0x0000000020000458                __atexit_recursive_mutex
                0x000000002000045c                . = ALIGN (0x4)
                0x000000002000045c                _edata = .

.igot.plt       0x000000002000045c        0x0 load address 0x0000000008004b8c
 .igot.plt      0x000000002000045c        0x0 /home/warchlak/.p2/pool/plugins/fr.ac6.mcu.externaltools.arm-none.linux64_1.17.0.201812190825/tools/compiler/bin/../lib/gcc/arm-none-eabi/7.3.1/thumb/v7-m/crtbegin.o
                0x000000002000045c                . = ALIGN (0x4)

.bss            0x000000002000045c      0x204 load address 0x0000000008004b8c
                0x000000002000045c                _sbss = .
                0x000000002000045c                __bss_start__ = _sbss
 *(.bss)
 .bss           0x000000002000045c       0x1c /home/warchlak/.p2/pool/plugins/fr.ac6.mcu.externaltools.arm-none.linux64_1.17.0.201812190825/tools/compiler/bin/../lib/gcc/arm-none-eabi/7.3.1/thumb/v7-m/crtbegin.o
 .bss           0x0000000020000478        0x1 HAL_Driver/Src/stm32f1xx_hal_spi_ex.o
                0x0000000020000478                uCRCErrorWorkaroundCheck
 .bss           0x0000000020000479        0x2 src/main.o
                0x0000000020000479                mode
                0x000000002000047a                data_ready
 *fill*         0x000000002000047b        0x1 
 .bss           0x000000002000047c       0x50 src/ws2812b.o
                0x000000002000047c                encoded_color_data
                0x00000000200004c8                encoded_color
 *(.bss*)
 *(COMMON)
 COMMON         0x00000000200004cc        0x4 HAL_Driver/Src/stm32f1xx_hal.o
                0x00000000200004cc                uwTick
 COMMON         0x00000000200004d0       0x3c src/main.o
                0x00000000200004d0                adc
                0x0000000020000500                colorInterpolation
 COMMON         0x000000002000050c       0x1e src/nRF24L01.o
                0x000000002000050c                last_status_data
                0x000000002000050e                gpio_chip_select
                0x0000000020000510                status_register
                0x0000000020000514                gpio_handler
                0x0000000020000518                payload
                0x0000000020000520                spi
                0x0000000020000524                dump_data
 *fill*         0x000000002000052a        0x2 
 COMMON         0x000000002000052c       0xf4 src/spi.o
                0x000000002000052c                hspi2
                0x0000000020000584                hspi1
                0x00000000200005dc                hdma_spi1_tx
 COMMON         0x0000000020000620       0x1c src/ws2812b.o
                0x0000000020000620                spi_handle
                0x0000000020000624                diodes_colors
 COMMON         0x000000002000063c       0x21 /home/warchlak/.p2/pool/plugins/fr.ac6.mcu.externaltools.arm-none.linux64_1.17.0.201812190825/tools/compiler/bin/../lib/gcc/arm-none-eabi/7.3.1/../../../../arm-none-eabi/lib/thumb/v7-m/libc.a(lib_a-lock.o)
                0x000000002000063c                __lock___atexit_recursive_mutex
                0x0000000020000640                __lock___arc4random_mutex
                0x0000000020000644                __lock___env_recursive_mutex
                0x0000000020000648                __lock___sinit_recursive_mutex
                0x000000002000064c                __lock___malloc_recursive_mutex
                0x0000000020000650                __lock___at_quick_exit_mutex
                0x0000000020000654                __lock___dd_hash_mutex
                0x0000000020000658                __lock___tz_mutex
                0x000000002000065c                __lock___sfp_recursive_mutex
                0x0000000020000660                . = ALIGN (0x4)
 *fill*         0x000000002000065d        0x3 
                0x0000000020000660                _ebss = .
                0x0000000020000660                __bss_end__ = _ebss

._user_heap_stack
                0x0000000020000660      0x400 load address 0x0000000008004b8c
                0x0000000020000660                . = ALIGN (0x8)
                0x0000000020000660                PROVIDE (end = .)
                [!provide]                        PROVIDE (_end = .)
                0x0000000020000660                . = (. + _Min_Heap_Size)
                0x0000000020000a60                . = (. + _Min_Stack_Size)
 *fill*         0x0000000020000660      0x400 
                0x0000000020000a60                . = ALIGN (0x8)

/DISCARD/
 libc.a(*)
 libm.a(*)
 libgcc.a(*)

.ARM.attributes
                0x0000000000000000       0x29
 *(.ARM.attributes)
 .ARM.attributes
                0x0000000000000000       0x1d /home/warchlak/.p2/pool/plugins/fr.ac6.mcu.externaltools.arm-none.linux64_1.17.0.201812190825/tools/compiler/bin/../lib/gcc/arm-none-eabi/7.3.1/thumb/v7-m/crti.o
 .ARM.attributes
                0x000000000000001d       0x2d /home/warchlak/.p2/pool/plugins/fr.ac6.mcu.externaltools.arm-none.linux64_1.17.0.201812190825/tools/compiler/bin/../lib/gcc/arm-none-eabi/7.3.1/thumb/v7-m/crtbegin.o
 .ARM.attributes
                0x000000000000004a       0x33 HAL_Driver/Src/stm32f1xx_hal.o
 .ARM.attributes
                0x000000000000007d       0x33 HAL_Driver/Src/stm32f1xx_hal_adc.o
 .ARM.attributes
                0x00000000000000b0       0x33 HAL_Driver/Src/stm32f1xx_hal_adc_ex.o
 .ARM.attributes
                0x00000000000000e3       0x33 HAL_Driver/Src/stm32f1xx_hal_cortex.o
 .ARM.attributes
                0x0000000000000116       0x33 HAL_Driver/Src/stm32f1xx_hal_dma.o
 .ARM.attributes
                0x0000000000000149       0x33 HAL_Driver/Src/stm32f1xx_hal_gpio.o
 .ARM.attributes
                0x000000000000017c       0x33 HAL_Driver/Src/stm32f1xx_hal_msp_template.o
 .ARM.attributes
                0x00000000000001af       0x33 HAL_Driver/Src/stm32f1xx_hal_rcc.o
 .ARM.attributes
                0x00000000000001e2       0x33 HAL_Driver/Src/stm32f1xx_hal_rcc_ex.o
 .ARM.attributes
                0x0000000000000215       0x33 HAL_Driver/Src/stm32f1xx_hal_spi.o
 .ARM.attributes
                0x0000000000000248       0x33 HAL_Driver/Src/stm32f1xx_hal_spi_ex.o
 .ARM.attributes
                0x000000000000027b       0x33 src/dma.o
 .ARM.attributes
                0x00000000000002ae       0x33 src/gpio.o
 .ARM.attributes
                0x00000000000002e1       0x33 src/main.o
 .ARM.attributes
                0x0000000000000314       0x33 src/nRF24L01.o
 .ARM.attributes
                0x0000000000000347       0x33 src/spi.o
 .ARM.attributes
                0x000000000000037a       0x33 src/stm32f1xx_it.o
 .ARM.attributes
                0x00000000000003ad       0x33 src/system_stm32f1xx.o
 .ARM.attributes
                0x00000000000003e0       0x33 src/ws2812b.o
 .ARM.attributes
                0x0000000000000413       0x21 startup/startup_stm32.o
 .ARM.attributes
                0x0000000000000434       0x1d /home/warchlak/.p2/pool/plugins/fr.ac6.mcu.externaltools.arm-none.linux64_1.17.0.201812190825/tools/compiler/bin/../lib/gcc/arm-none-eabi/7.3.1/thumb/v7-m/libgcc.a(_arm_addsubdf3.o)
 .ARM.attributes
                0x0000000000000451       0x1d /home/warchlak/.p2/pool/plugins/fr.ac6.mcu.externaltools.arm-none.linux64_1.17.0.201812190825/tools/compiler/bin/../lib/gcc/arm-none-eabi/7.3.1/thumb/v7-m/libgcc.a(_arm_muldivdf3.o)
 .ARM.attributes
                0x000000000000046e       0x1d /home/warchlak/.p2/pool/plugins/fr.ac6.mcu.externaltools.arm-none.linux64_1.17.0.201812190825/tools/compiler/bin/../lib/gcc/arm-none-eabi/7.3.1/thumb/v7-m/libgcc.a(_arm_truncdfsf2.o)
 .ARM.attributes
                0x000000000000048b       0x1d /home/warchlak/.p2/pool/plugins/fr.ac6.mcu.externaltools.arm-none.linux64_1.17.0.201812190825/tools/compiler/bin/../lib/gcc/arm-none-eabi/7.3.1/thumb/v7-m/libgcc.a(_arm_addsubsf3.o)
 .ARM.attributes
                0x00000000000004a8       0x1d /home/warchlak/.p2/pool/plugins/fr.ac6.mcu.externaltools.arm-none.linux64_1.17.0.201812190825/tools/compiler/bin/../lib/gcc/arm-none-eabi/7.3.1/thumb/v7-m/libgcc.a(_arm_muldivsf3.o)
 .ARM.attributes
                0x00000000000004c5       0x1d /home/warchlak/.p2/pool/plugins/fr.ac6.mcu.externaltools.arm-none.linux64_1.17.0.201812190825/tools/compiler/bin/../lib/gcc/arm-none-eabi/7.3.1/thumb/v7-m/libgcc.a(_arm_cmpsf2.o)
 .ARM.attributes
                0x00000000000004e2       0x1d /home/warchlak/.p2/pool/plugins/fr.ac6.mcu.externaltools.arm-none.linux64_1.17.0.201812190825/tools/compiler/bin/../lib/gcc/arm-none-eabi/7.3.1/thumb/v7-m/libgcc.a(_arm_fixunssfsi.o)
 .ARM.attributes
                0x00000000000004ff       0x2d /home/warchlak/.p2/pool/plugins/fr.ac6.mcu.externaltools.arm-none.linux64_1.17.0.201812190825/tools/compiler/bin/../lib/gcc/arm-none-eabi/7.3.1/../../../../arm-none-eabi/lib/thumb/v7-m/libc.a(lib_a-impure.o)
 .ARM.attributes
                0x000000000000052c       0x2d /home/warchlak/.p2/pool/plugins/fr.ac6.mcu.externaltools.arm-none.linux64_1.17.0.201812190825/tools/compiler/bin/../lib/gcc/arm-none-eabi/7.3.1/../../../../arm-none-eabi/lib/thumb/v7-m/libc.a(lib_a-init.o)
 .ARM.attributes
                0x0000000000000559       0x2d /home/warchlak/.p2/pool/plugins/fr.ac6.mcu.externaltools.arm-none.linux64_1.17.0.201812190825/tools/compiler/bin/../lib/gcc/arm-none-eabi/7.3.1/../../../../arm-none-eabi/lib/thumb/v7-m/libc.a(lib_a-memset.o)
 .ARM.attributes
                0x0000000000000586       0x2d /home/warchlak/.p2/pool/plugins/fr.ac6.mcu.externaltools.arm-none.linux64_1.17.0.201812190825/tools/compiler/bin/../lib/gcc/arm-none-eabi/7.3.1/../../../../arm-none-eabi/lib/thumb/v7-m/libc.a(lib_a-__call_atexit.o)
 .ARM.attributes
                0x00000000000005b3       0x2d /home/warchlak/.p2/pool/plugins/fr.ac6.mcu.externaltools.arm-none.linux64_1.17.0.201812190825/tools/compiler/bin/../lib/gcc/arm-none-eabi/7.3.1/../../../../arm-none-eabi/lib/thumb/v7-m/libc.a(lib_a-atexit.o)
 .ARM.attributes
                0x00000000000005e0       0x2d /home/warchlak/.p2/pool/plugins/fr.ac6.mcu.externaltools.arm-none.linux64_1.17.0.201812190825/tools/compiler/bin/../lib/gcc/arm-none-eabi/7.3.1/../../../../arm-none-eabi/lib/thumb/v7-m/libc.a(lib_a-fini.o)
 .ARM.attributes
                0x000000000000060d       0x2d /home/warchlak/.p2/pool/plugins/fr.ac6.mcu.externaltools.arm-none.linux64_1.17.0.201812190825/tools/compiler/bin/../lib/gcc/arm-none-eabi/7.3.1/../../../../arm-none-eabi/lib/thumb/v7-m/libc.a(lib_a-lock.o)
 .ARM.attributes
                0x000000000000063a       0x2d /home/warchlak/.p2/pool/plugins/fr.ac6.mcu.externaltools.arm-none.linux64_1.17.0.201812190825/tools/compiler/bin/../lib/gcc/arm-none-eabi/7.3.1/../../../../arm-none-eabi/lib/thumb/v7-m/libc.a(lib_a-__atexit.o)
 .ARM.attributes
                0x0000000000000667       0x1d /home/warchlak/.p2/pool/plugins/fr.ac6.mcu.externaltools.arm-none.linux64_1.17.0.201812190825/tools/compiler/bin/../lib/gcc/arm-none-eabi/7.3.1/thumb/v7-m/crtn.o
OUTPUT(HelloWorld.elf elf32-littlearm)

.debug_info     0x0000000000000000    0x13595
 .debug_info    0x0000000000000000      0xf0a HAL_Driver/Src/stm32f1xx_hal.o
 .debug_info    0x0000000000000f0a     0x1472 HAL_Driver/Src/stm32f1xx_hal_adc.o
 .debug_info    0x000000000000237c     0x120c HAL_Driver/Src/stm32f1xx_hal_adc_ex.o
 .debug_info    0x0000000000003588     0x1358 HAL_Driver/Src/stm32f1xx_hal_cortex.o
 .debug_info    0x00000000000048e0      0xfc6 HAL_Driver/Src/stm32f1xx_hal_dma.o
 .debug_info    0x00000000000058a6      0xebd HAL_Driver/Src/stm32f1xx_hal_gpio.o
 .debug_info    0x0000000000006763      0x9c7 HAL_Driver/Src/stm32f1xx_hal_msp_template.o
 .debug_info    0x000000000000712a     0x1039 HAL_Driver/Src/stm32f1xx_hal_rcc.o
 .debug_info    0x0000000000008163      0xc5b HAL_Driver/Src/stm32f1xx_hal_rcc_ex.o
 .debug_info    0x0000000000008dbe     0x1dd9 HAL_Driver/Src/stm32f1xx_hal_spi.o
 .debug_info    0x000000000000ab97      0xe8b HAL_Driver/Src/stm32f1xx_hal_spi_ex.o
 .debug_info    0x000000000000ba22      0xb8f src/dma.o
 .debug_info    0x000000000000c5b1      0xcba src/gpio.o
 .debug_info    0x000000000000d26b     0x197d src/main.o
 .debug_info    0x000000000000ebe8     0x12d9 src/nRF24L01.o
 .debug_info    0x000000000000fec1     0x1094 src/spi.o
 .debug_info    0x0000000000010f55      0x9bb src/stm32f1xx_it.o
 .debug_info    0x0000000000011910      0xc59 src/system_stm32f1xx.o
 .debug_info    0x0000000000012569     0x100a src/ws2812b.o
 .debug_info    0x0000000000013573       0x22 startup/startup_stm32.o

.debug_abbrev   0x0000000000000000     0x2f9c
 .debug_abbrev  0x0000000000000000      0x2f5 HAL_Driver/Src/stm32f1xx_hal.o
 .debug_abbrev  0x00000000000002f5      0x26f HAL_Driver/Src/stm32f1xx_hal_adc.o
 .debug_abbrev  0x0000000000000564      0x28f HAL_Driver/Src/stm32f1xx_hal_adc_ex.o
 .debug_abbrev  0x00000000000007f3      0x396 HAL_Driver/Src/stm32f1xx_hal_cortex.o
 .debug_abbrev  0x0000000000000b89      0x2a7 HAL_Driver/Src/stm32f1xx_hal_dma.o
 .debug_abbrev  0x0000000000000e30      0x289 HAL_Driver/Src/stm32f1xx_hal_gpio.o
 .debug_abbrev  0x00000000000010b9      0x1cb HAL_Driver/Src/stm32f1xx_hal_msp_template.o
 .debug_abbrev  0x0000000000001284      0x323 HAL_Driver/Src/stm32f1xx_hal_rcc.o
 .debug_abbrev  0x00000000000015a7      0x260 HAL_Driver/Src/stm32f1xx_hal_rcc_ex.o
 .debug_abbrev  0x0000000000001807      0x2e9 HAL_Driver/Src/stm32f1xx_hal_spi.o
 .debug_abbrev  0x0000000000001af0      0x218 HAL_Driver/Src/stm32f1xx_hal_spi_ex.o
 .debug_abbrev  0x0000000000001d08      0x1fb src/dma.o
 .debug_abbrev  0x0000000000001f03      0x206 src/gpio.o
 .debug_abbrev  0x0000000000002109      0x2ec src/main.o
 .debug_abbrev  0x00000000000023f5      0x2b4 src/nRF24L01.o
 .debug_abbrev  0x00000000000026a9      0x244 src/spi.o
 .debug_abbrev  0x00000000000028ed      0x1e1 src/stm32f1xx_it.o
 .debug_abbrev  0x0000000000002ace      0x228 src/system_stm32f1xx.o
 .debug_abbrev  0x0000000000002cf6      0x294 src/ws2812b.o
 .debug_abbrev  0x0000000000002f8a       0x12 startup/startup_stm32.o

.debug_aranges  0x0000000000000000      0x9a8
 .debug_aranges
                0x0000000000000000       0xd0 HAL_Driver/Src/stm32f1xx_hal.o
 .debug_aranges
                0x00000000000000d0       0xf0 HAL_Driver/Src/stm32f1xx_hal_adc.o
 .debug_aranges
                0x00000000000001c0       0x80 HAL_Driver/Src/stm32f1xx_hal_adc_ex.o
 .debug_aranges
                0x0000000000000240      0x100 HAL_Driver/Src/stm32f1xx_hal_cortex.o
 .debug_aranges
                0x0000000000000340       0x80 HAL_Driver/Src/stm32f1xx_hal_dma.o
 .debug_aranges
                0x00000000000003c0       0x58 HAL_Driver/Src/stm32f1xx_hal_gpio.o
 .debug_aranges
                0x0000000000000418       0x38 HAL_Driver/Src/stm32f1xx_hal_msp_template.o
 .debug_aranges
                0x0000000000000450       0x90 HAL_Driver/Src/stm32f1xx_hal_rcc.o
 .debug_aranges
                0x00000000000004e0       0x30 HAL_Driver/Src/stm32f1xx_hal_rcc_ex.o
 .debug_aranges
                0x0000000000000510      0x1f0 HAL_Driver/Src/stm32f1xx_hal_spi.o
 .debug_aranges
                0x0000000000000700       0x28 HAL_Driver/Src/stm32f1xx_hal_spi_ex.o
 .debug_aranges
                0x0000000000000728       0x20 src/dma.o
 .debug_aranges
                0x0000000000000748       0x20 src/gpio.o
 .debug_aranges
                0x0000000000000768       0x68 src/main.o
 .debug_aranges
                0x00000000000007d0       0xe8 src/nRF24L01.o
 .debug_aranges
                0x00000000000008b8       0x38 src/spi.o
 .debug_aranges
                0x00000000000008f0       0x28 src/stm32f1xx_it.o
 .debug_aranges
                0x0000000000000918       0x28 src/system_stm32f1xx.o
 .debug_aranges
                0x0000000000000940       0x40 src/ws2812b.o
 .debug_aranges
                0x0000000000000980       0x28 startup/startup_stm32.o

.debug_ranges   0x0000000000000000      0x870
 .debug_ranges  0x0000000000000000       0xc0 HAL_Driver/Src/stm32f1xx_hal.o
 .debug_ranges  0x00000000000000c0       0xe0 HAL_Driver/Src/stm32f1xx_hal_adc.o
 .debug_ranges  0x00000000000001a0       0x70 HAL_Driver/Src/stm32f1xx_hal_adc_ex.o
 .debug_ranges  0x0000000000000210       0xf0 HAL_Driver/Src/stm32f1xx_hal_cortex.o
 .debug_ranges  0x0000000000000300       0x70 HAL_Driver/Src/stm32f1xx_hal_dma.o
 .debug_ranges  0x0000000000000370       0x48 HAL_Driver/Src/stm32f1xx_hal_gpio.o
 .debug_ranges  0x00000000000003b8       0x28 HAL_Driver/Src/stm32f1xx_hal_msp_template.o
 .debug_ranges  0x00000000000003e0       0x80 HAL_Driver/Src/stm32f1xx_hal_rcc.o
 .debug_ranges  0x0000000000000460       0x20 HAL_Driver/Src/stm32f1xx_hal_rcc_ex.o
 .debug_ranges  0x0000000000000480      0x1e0 HAL_Driver/Src/stm32f1xx_hal_spi.o
 .debug_ranges  0x0000000000000660       0x18 HAL_Driver/Src/stm32f1xx_hal_spi_ex.o
 .debug_ranges  0x0000000000000678       0x10 src/dma.o
 .debug_ranges  0x0000000000000688       0x10 src/gpio.o
 .debug_ranges  0x0000000000000698       0x58 src/main.o
 .debug_ranges  0x00000000000006f0       0xd8 src/nRF24L01.o
 .debug_ranges  0x00000000000007c8       0x28 src/spi.o
 .debug_ranges  0x00000000000007f0       0x18 src/stm32f1xx_it.o
 .debug_ranges  0x0000000000000808       0x18 src/system_stm32f1xx.o
 .debug_ranges  0x0000000000000820       0x30 src/ws2812b.o
 .debug_ranges  0x0000000000000850       0x20 startup/startup_stm32.o

.debug_macro    0x0000000000000000    0x19c9e
 .debug_macro   0x0000000000000000      0x426 HAL_Driver/Src/stm32f1xx_hal.o
 .debug_macro   0x0000000000000426      0xa6c HAL_Driver/Src/stm32f1xx_hal.o
 .debug_macro   0x0000000000000e92      0x224 HAL_Driver/Src/stm32f1xx_hal.o
 .debug_macro   0x00000000000010b6       0x28 HAL_Driver/Src/stm32f1xx_hal.o
 .debug_macro   0x00000000000010de       0x22 HAL_Driver/Src/stm32f1xx_hal.o
 .debug_macro   0x0000000000001100       0x22 HAL_Driver/Src/stm32f1xx_hal.o
 .debug_macro   0x0000000000001122       0x8e HAL_Driver/Src/stm32f1xx_hal.o
 .debug_macro   0x00000000000011b0       0x51 HAL_Driver/Src/stm32f1xx_hal.o
 .debug_macro   0x0000000000001201       0xef HAL_Driver/Src/stm32f1xx_hal.o
 .debug_macro   0x00000000000012f0       0x6a HAL_Driver/Src/stm32f1xx_hal.o
 .debug_macro   0x000000000000135a      0x1df HAL_Driver/Src/stm32f1xx_hal.o
 .debug_macro   0x0000000000001539       0x34 HAL_Driver/Src/stm32f1xx_hal.o
 .debug_macro   0x000000000000156d       0x34 HAL_Driver/Src/stm32f1xx_hal.o
 .debug_macro   0x00000000000015a1      0xb8e HAL_Driver/Src/stm32f1xx_hal.o
 .debug_macro   0x000000000000212f     0xe911 HAL_Driver/Src/stm32f1xx_hal.o
 .debug_macro   0x0000000000010a40       0x43 HAL_Driver/Src/stm32f1xx_hal.o
 .debug_macro   0x0000000000010a83       0x5e HAL_Driver/Src/stm32f1xx_hal.o
 .debug_macro   0x0000000000010ae1       0x18 HAL_Driver/Src/stm32f1xx_hal.o
 .debug_macro   0x0000000000010af9       0x35 HAL_Driver/Src/stm32f1xx_hal.o
 .debug_macro   0x0000000000010b2e       0x34 HAL_Driver/Src/stm32f1xx_hal.o
 .debug_macro   0x0000000000010b62       0x16 HAL_Driver/Src/stm32f1xx_hal.o
 .debug_macro   0x0000000000010b78       0x97 HAL_Driver/Src/stm32f1xx_hal.o
 .debug_macro   0x0000000000010c0f      0x330 HAL_Driver/Src/stm32f1xx_hal.o
 .debug_macro   0x0000000000010f3f       0xfd HAL_Driver/Src/stm32f1xx_hal.o
 .debug_macro   0x000000000001103c       0x10 HAL_Driver/Src/stm32f1xx_hal.o
 .debug_macro   0x000000000001104c       0x58 HAL_Driver/Src/stm32f1xx_hal.o
 .debug_macro   0x00000000000110a4       0x1f HAL_Driver/Src/stm32f1xx_hal.o
 .debug_macro   0x00000000000110c3       0x43 HAL_Driver/Src/stm32f1xx_hal.o
 .debug_macro   0x0000000000011106       0x20 HAL_Driver/Src/stm32f1xx_hal.o
 .debug_macro   0x0000000000011126      0x18e HAL_Driver/Src/stm32f1xx_hal.o
 .debug_macro   0x00000000000112b4       0x10 HAL_Driver/Src/stm32f1xx_hal.o
 .debug_macro   0x00000000000112c4       0x1c HAL_Driver/Src/stm32f1xx_hal.o
 .debug_macro   0x00000000000112e0       0x52 HAL_Driver/Src/stm32f1xx_hal.o
 .debug_macro   0x0000000000011332       0x40 HAL_Driver/Src/stm32f1xx_hal.o
 .debug_macro   0x0000000000011372       0x10 HAL_Driver/Src/stm32f1xx_hal.o
 .debug_macro   0x0000000000011382       0x40 HAL_Driver/Src/stm32f1xx_hal.o
 .debug_macro   0x00000000000113c2       0xd7 HAL_Driver/Src/stm32f1xx_hal.o
 .debug_macro   0x0000000000011499       0x1c HAL_Driver/Src/stm32f1xx_hal.o
 .debug_macro   0x00000000000114b5       0x3d HAL_Driver/Src/stm32f1xx_hal.o
 .debug_macro   0x00000000000114f2       0x16 HAL_Driver/Src/stm32f1xx_hal.o
 .debug_macro   0x0000000000011508      0x16f HAL_Driver/Src/stm32f1xx_hal.o
 .debug_macro   0x0000000000011677       0x57 HAL_Driver/Src/stm32f1xx_hal.o
 .debug_macro   0x00000000000116ce      0x5c2 HAL_Driver/Src/stm32f1xx_hal.o
 .debug_macro   0x0000000000011c90      0x28a HAL_Driver/Src/stm32f1xx_hal.o
 .debug_macro   0x0000000000011f1a      0x1cb HAL_Driver/Src/stm32f1xx_hal.o
 .debug_macro   0x00000000000120e5      0x11e HAL_Driver/Src/stm32f1xx_hal.o
 .debug_macro   0x0000000000012203      0x1b3 HAL_Driver/Src/stm32f1xx_hal.o
 .debug_macro   0x00000000000123b6       0x27 HAL_Driver/Src/stm32f1xx_hal.o
 .debug_macro   0x00000000000123dd      0x1bc HAL_Driver/Src/stm32f1xx_hal.o
 .debug_macro   0x0000000000012599       0x34 HAL_Driver/Src/stm32f1xx_hal.o
 .debug_macro   0x00000000000125cd       0x3c HAL_Driver/Src/stm32f1xx_hal.o
 .debug_macro   0x0000000000012609      0x408 HAL_Driver/Src/stm32f1xx_hal.o
 .debug_macro   0x0000000000012a11       0x57 HAL_Driver/Src/stm32f1xx_hal.o
 .debug_macro   0x0000000000012a68      0x46a HAL_Driver/Src/stm32f1xx_hal.o
 .debug_macro   0x0000000000012ed2      0x1b5 HAL_Driver/Src/stm32f1xx_hal.o
 .debug_macro   0x0000000000013087       0x22 HAL_Driver/Src/stm32f1xx_hal.o
 .debug_macro   0x00000000000130a9       0x8c HAL_Driver/Src/stm32f1xx_hal.o
 .debug_macro   0x0000000000013135      0x242 HAL_Driver/Src/stm32f1xx_hal.o
 .debug_macro   0x0000000000013377      0x264 HAL_Driver/Src/stm32f1xx_hal.o
 .debug_macro   0x00000000000135db       0x79 HAL_Driver/Src/stm32f1xx_hal.o
 .debug_macro   0x0000000000013654      0x143 HAL_Driver/Src/stm32f1xx_hal.o
 .debug_macro   0x0000000000013797      0x1ef HAL_Driver/Src/stm32f1xx_hal.o
 .debug_macro   0x0000000000013986       0xf2 HAL_Driver/Src/stm32f1xx_hal.o
 .debug_macro   0x0000000000013a78      0x1f4 HAL_Driver/Src/stm32f1xx_hal.o
 .debug_macro   0x0000000000013c6c      0x853 HAL_Driver/Src/stm32f1xx_hal.o
 .debug_macro   0x00000000000144bf       0x1f HAL_Driver/Src/stm32f1xx_hal.o
 .debug_macro   0x00000000000144de      0x26b HAL_Driver/Src/stm32f1xx_hal.o
 .debug_macro   0x0000000000014749      0x217 HAL_Driver/Src/stm32f1xx_hal.o
 .debug_macro   0x0000000000014960      0x1a7 HAL_Driver/Src/stm32f1xx_hal.o
 .debug_macro   0x0000000000014b07      0x2cd HAL_Driver/Src/stm32f1xx_hal.o
 .debug_macro   0x0000000000014dd4       0x89 HAL_Driver/Src/stm32f1xx_hal.o
 .debug_macro   0x0000000000014e5d       0x50 HAL_Driver/Src/stm32f1xx_hal.o
 .debug_macro   0x0000000000014ead      0x26c HAL_Driver/Src/stm32f1xx_hal.o
 .debug_macro   0x0000000000015119       0x83 HAL_Driver/Src/stm32f1xx_hal.o
 .debug_macro   0x000000000001519c      0x41f HAL_Driver/Src/stm32f1xx_hal_adc.o
 .debug_macro   0x00000000000155bb      0x414 HAL_Driver/Src/stm32f1xx_hal_adc_ex.o
 .debug_macro   0x00000000000159cf      0x402 HAL_Driver/Src/stm32f1xx_hal_cortex.o
 .debug_macro   0x0000000000015dd1      0x402 HAL_Driver/Src/stm32f1xx_hal_dma.o
 .debug_macro   0x00000000000161d3      0x472 HAL_Driver/Src/stm32f1xx_hal_gpio.o
 .debug_macro   0x0000000000016645      0x402 HAL_Driver/Src/stm32f1xx_hal_msp_template.o
 .debug_macro   0x0000000000016a47      0x414 HAL_Driver/Src/stm32f1xx_hal_rcc.o
 .debug_macro   0x0000000000016e5b      0x402 HAL_Driver/Src/stm32f1xx_hal_rcc_ex.o
 .debug_macro   0x000000000001725d      0x40a HAL_Driver/Src/stm32f1xx_hal_spi.o
 .debug_macro   0x0000000000017667      0x402 HAL_Driver/Src/stm32f1xx_hal_spi_ex.o
 .debug_macro   0x0000000000017a69      0x41b src/dma.o
 .debug_macro   0x0000000000017e84       0x40 src/dma.o
 .debug_macro   0x0000000000017ec4      0x41b src/gpio.o
 .debug_macro   0x00000000000182df      0x45f src/main.o
 .debug_macro   0x000000000001873e       0x22 src/main.o
 .debug_macro   0x0000000000018760       0xa6 src/main.o
 .debug_macro   0x0000000000018806      0x42a src/nRF24L01.o
 .debug_macro   0x0000000000018c30      0x41b src/spi.o
 .debug_macro   0x000000000001904b      0x40c src/stm32f1xx_it.o
 .debug_macro   0x0000000000019457      0x408 src/system_stm32f1xx.o
 .debug_macro   0x000000000001985f      0x405 src/ws2812b.o
 .debug_macro   0x0000000000019c64       0x3a src/ws2812b.o

.debug_line     0x0000000000000000     0xd7c3
 .debug_line    0x0000000000000000      0xae1 HAL_Driver/Src/stm32f1xx_hal.o
 .debug_line    0x0000000000000ae1      0xe52 HAL_Driver/Src/stm32f1xx_hal_adc.o
 .debug_line    0x0000000000001933      0xc9a HAL_Driver/Src/stm32f1xx_hal_adc_ex.o
 .debug_line    0x00000000000025cd      0xbcf HAL_Driver/Src/stm32f1xx_hal_cortex.o
 .debug_line    0x000000000000319c      0xd67 HAL_Driver/Src/stm32f1xx_hal_dma.o
 .debug_line    0x0000000000003f03      0xb19 HAL_Driver/Src/stm32f1xx_hal_gpio.o
 .debug_line    0x0000000000004a1c      0x973 HAL_Driver/Src/stm32f1xx_hal_msp_template.o
 .debug_line    0x000000000000538f      0xbcb HAL_Driver/Src/stm32f1xx_hal_rcc.o
 .debug_line    0x0000000000005f5a      0x9e1 HAL_Driver/Src/stm32f1xx_hal_rcc_ex.o
 .debug_line    0x000000000000693b     0x137b HAL_Driver/Src/stm32f1xx_hal_spi.o
 .debug_line    0x0000000000007cb6      0x961 HAL_Driver/Src/stm32f1xx_hal_spi_ex.o
 .debug_line    0x0000000000008617      0x963 src/dma.o
 .debug_line    0x0000000000008f7a      0x980 src/gpio.o
 .debug_line    0x00000000000098fa      0xba5 src/main.o
 .debug_line    0x000000000000a49f      0xbc4 src/nRF24L01.o
 .debug_line    0x000000000000b063      0x9dd src/spi.o
 .debug_line    0x000000000000ba40      0x97b src/stm32f1xx_it.o
 .debug_line    0x000000000000c3bb      0x969 src/system_stm32f1xx.o
 .debug_line    0x000000000000cd24      0xa23 src/ws2812b.o
 .debug_line    0x000000000000d747       0x7c startup/startup_stm32.o

.debug_str      0x0000000000000000    0x83956
 .debug_str     0x0000000000000000    0x81087 HAL_Driver/Src/stm32f1xx_hal.o
                                      0x81414 (size before relaxing)
 .debug_str     0x0000000000081087      0x610 HAL_Driver/Src/stm32f1xx_hal_adc.o
                                      0x81411 (size before relaxing)
 .debug_str     0x0000000000081697      0x2e9 HAL_Driver/Src/stm32f1xx_hal_adc_ex.o
                                      0x813c6 (size before relaxing)
 .debug_str     0x0000000000081980      0x314 HAL_Driver/Src/stm32f1xx_hal_cortex.o
                                      0x81428 (size before relaxing)
 .debug_str     0x0000000000081c94      0x22d HAL_Driver/Src/stm32f1xx_hal_dma.o
                                      0x81180 (size before relaxing)
 .debug_str     0x0000000000081ec1      0x399 HAL_Driver/Src/stm32f1xx_hal_gpio.o
                                      0x8116f (size before relaxing)
 .debug_str     0x000000000008225a       0x51 HAL_Driver/Src/stm32f1xx_hal_msp_template.o
                                      0x80d8b (size before relaxing)
 .debug_str     0x00000000000822ab      0x356 HAL_Driver/Src/stm32f1xx_hal_rcc.o
                                      0x8119d (size before relaxing)
 .debug_str     0x0000000000082601      0x119 HAL_Driver/Src/stm32f1xx_hal_rcc_ex.o
                                      0x80f2f (size before relaxing)
 .debug_str     0x000000000008271a      0x723 HAL_Driver/Src/stm32f1xx_hal_spi.o
                                      0x816b5 (size before relaxing)
 .debug_str     0x0000000000082e3d       0x42 HAL_Driver/Src/stm32f1xx_hal_spi_ex.o
                                      0x8116d (size before relaxing)
 .debug_str     0x0000000000082e7f      0x153 src/dma.o
                                      0x8118e (size before relaxing)
 .debug_str     0x0000000000082fd2       0x35 src/gpio.o
                                      0x81209 (size before relaxing)
 .debug_str     0x0000000000083007      0x4ac src/main.o
                                      0x81d25 (size before relaxing)
 .debug_str     0x00000000000834b3      0x2e5 src/nRF24L01.o
                                      0x817cd (size before relaxing)
 .debug_str     0x0000000000083798       0x3e src/spi.o
                                      0x81322 (size before relaxing)
 .debug_str     0x00000000000837d6       0x4b src/stm32f1xx_it.o
                                      0x80d7f (size before relaxing)
 .debug_str     0x0000000000083821       0x69 src/system_stm32f1xx.o
                                      0x80e2c (size before relaxing)
 .debug_str     0x000000000008388a       0xa3 src/ws2812b.o
                                      0x8120b (size before relaxing)
 .debug_str     0x000000000008392d       0x29 startup/startup_stm32.o
                                         0x5b (size before relaxing)

.comment        0x0000000000000000       0x7f
 .comment       0x0000000000000000       0x7f HAL_Driver/Src/stm32f1xx_hal.o
                                         0x80 (size before relaxing)
 .comment       0x000000000000007f       0x80 HAL_Driver/Src/stm32f1xx_hal_adc.o
 .comment       0x000000000000007f       0x80 HAL_Driver/Src/stm32f1xx_hal_adc_ex.o
 .comment       0x000000000000007f       0x80 HAL_Driver/Src/stm32f1xx_hal_cortex.o
 .comment       0x000000000000007f       0x80 HAL_Driver/Src/stm32f1xx_hal_dma.o
 .comment       0x000000000000007f       0x80 HAL_Driver/Src/stm32f1xx_hal_gpio.o
 .comment       0x000000000000007f       0x80 HAL_Driver/Src/stm32f1xx_hal_msp_template.o
 .comment       0x000000000000007f       0x80 HAL_Driver/Src/stm32f1xx_hal_rcc.o
 .comment       0x000000000000007f       0x80 HAL_Driver/Src/stm32f1xx_hal_rcc_ex.o
 .comment       0x000000000000007f       0x80 HAL_Driver/Src/stm32f1xx_hal_spi.o
 .comment       0x000000000000007f       0x80 HAL_Driver/Src/stm32f1xx_hal_spi_ex.o
 .comment       0x000000000000007f       0x80 src/dma.o
 .comment       0x000000000000007f       0x80 src/gpio.o
 .comment       0x000000000000007f       0x80 src/main.o
 .comment       0x000000000000007f       0x80 src/nRF24L01.o
 .comment       0x000000000000007f       0x80 src/spi.o
 .comment       0x000000000000007f       0x80 src/stm32f1xx_it.o
 .comment       0x000000000000007f       0x80 src/system_stm32f1xx.o
 .comment       0x000000000000007f       0x80 src/ws2812b.o

.debug_frame    0x0000000000000000     0x28bc
 .debug_frame   0x0000000000000000      0x2fc HAL_Driver/Src/stm32f1xx_hal.o
 .debug_frame   0x00000000000002fc      0x40c HAL_Driver/Src/stm32f1xx_hal_adc.o
 .debug_frame   0x0000000000000708      0x204 HAL_Driver/Src/stm32f1xx_hal_adc_ex.o
 .debug_frame   0x000000000000090c      0x428 HAL_Driver/Src/stm32f1xx_hal_cortex.o
 .debug_frame   0x0000000000000d34      0x208 HAL_Driver/Src/stm32f1xx_hal_dma.o
 .debug_frame   0x0000000000000f3c      0x14c HAL_Driver/Src/stm32f1xx_hal_gpio.o
 .debug_frame   0x0000000000001088       0x90 HAL_Driver/Src/stm32f1xx_hal_msp_template.o
 .debug_frame   0x0000000000001118      0x21c HAL_Driver/Src/stm32f1xx_hal_rcc.o
 .debug_frame   0x0000000000001334       0x84 HAL_Driver/Src/stm32f1xx_hal_rcc_ex.o
 .debug_frame   0x00000000000013b8      0x8bc HAL_Driver/Src/stm32f1xx_hal_spi.o
 .debug_frame   0x0000000000001c74       0x5c HAL_Driver/Src/stm32f1xx_hal_spi_ex.o
 .debug_frame   0x0000000000001cd0       0x34 src/dma.o
 .debug_frame   0x0000000000001d04       0x34 src/gpio.o
 .debug_frame   0x0000000000001d38      0x18c src/main.o
 .debug_frame   0x0000000000001ec4      0x378 src/nRF24L01.o
 .debug_frame   0x000000000000223c       0x90 src/spi.o
 .debug_frame   0x00000000000022cc       0x48 src/stm32f1xx_it.o
 .debug_frame   0x0000000000002314       0x58 src/system_stm32f1xx.o
 .debug_frame   0x000000000000236c       0xc8 src/ws2812b.o
 .debug_frame   0x0000000000002434       0xac /home/warchlak/.p2/pool/plugins/fr.ac6.mcu.externaltools.arm-none.linux64_1.17.0.201812190825/tools/compiler/bin/../lib/gcc/arm-none-eabi/7.3.1/thumb/v7-m/libgcc.a(_arm_addsubdf3.o)
 .debug_frame   0x00000000000024e0       0x50 /home/warchlak/.p2/pool/plugins/fr.ac6.mcu.externaltools.arm-none.linux64_1.17.0.201812190825/tools/compiler/bin/../lib/gcc/arm-none-eabi/7.3.1/thumb/v7-m/libgcc.a(_arm_muldivdf3.o)
 .debug_frame   0x0000000000002530       0x24 /home/warchlak/.p2/pool/plugins/fr.ac6.mcu.externaltools.arm-none.linux64_1.17.0.201812190825/tools/compiler/bin/../lib/gcc/arm-none-eabi/7.3.1/thumb/v7-m/libgcc.a(_arm_truncdfsf2.o)
 .debug_frame   0x0000000000002554       0x4c /home/warchlak/.p2/pool/plugins/fr.ac6.mcu.externaltools.arm-none.linux64_1.17.0.201812190825/tools/compiler/bin/../lib/gcc/arm-none-eabi/7.3.1/thumb/v7-m/libgcc.a(_arm_addsubsf3.o)
 .debug_frame   0x00000000000025a0       0x38 /home/warchlak/.p2/pool/plugins/fr.ac6.mcu.externaltools.arm-none.linux64_1.17.0.201812190825/tools/compiler/bin/../lib/gcc/arm-none-eabi/7.3.1/thumb/v7-m/libgcc.a(_arm_muldivsf3.o)
 .debug_frame   0x00000000000025d8       0xc8 /home/warchlak/.p2/pool/plugins/fr.ac6.mcu.externaltools.arm-none.linux64_1.17.0.201812190825/tools/compiler/bin/../lib/gcc/arm-none-eabi/7.3.1/thumb/v7-m/libgcc.a(_arm_cmpsf2.o)
 .debug_frame   0x00000000000026a0       0x24 /home/warchlak/.p2/pool/plugins/fr.ac6.mcu.externaltools.arm-none.linux64_1.17.0.201812190825/tools/compiler/bin/../lib/gcc/arm-none-eabi/7.3.1/thumb/v7-m/libgcc.a(_arm_fixunssfsi.o)
 .debug_frame   0x00000000000026c4       0x2c /home/warchlak/.p2/pool/plugins/fr.ac6.mcu.externaltools.arm-none.linux64_1.17.0.201812190825/tools/compiler/bin/../lib/gcc/arm-none-eabi/7.3.1/../../../../arm-none-eabi/lib/thumb/v7-m/libc.a(lib_a-init.o)
 .debug_frame   0x00000000000026f0       0x38 /home/warchlak/.p2/pool/plugins/fr.ac6.mcu.externaltools.arm-none.linux64_1.17.0.201812190825/tools/compiler/bin/../lib/gcc/arm-none-eabi/7.3.1/../../../../arm-none-eabi/lib/thumb/v7-m/libc.a(lib_a-memset.o)
 .debug_frame   0x0000000000002728       0x5c /home/warchlak/.p2/pool/plugins/fr.ac6.mcu.externaltools.arm-none.linux64_1.17.0.201812190825/tools/compiler/bin/../lib/gcc/arm-none-eabi/7.3.1/../../../../arm-none-eabi/lib/thumb/v7-m/libc.a(lib_a-__call_atexit.o)
 .debug_frame   0x0000000000002784       0x20 /home/warchlak/.p2/pool/plugins/fr.ac6.mcu.externaltools.arm-none.linux64_1.17.0.201812190825/tools/compiler/bin/../lib/gcc/arm-none-eabi/7.3.1/../../../../arm-none-eabi/lib/thumb/v7-m/libc.a(lib_a-atexit.o)
 .debug_frame   0x00000000000027a4       0x34 /home/warchlak/.p2/pool/plugins/fr.ac6.mcu.externaltools.arm-none.linux64_1.17.0.201812190825/tools/compiler/bin/../lib/gcc/arm-none-eabi/7.3.1/../../../../arm-none-eabi/lib/thumb/v7-m/libc.a(lib_a-fini.o)
 .debug_frame   0x00000000000027d8       0xb0 /home/warchlak/.p2/pool/plugins/fr.ac6.mcu.externaltools.arm-none.linux64_1.17.0.201812190825/tools/compiler/bin/../lib/gcc/arm-none-eabi/7.3.1/../../../../arm-none-eabi/lib/thumb/v7-m/libc.a(lib_a-lock.o)
 .debug_frame   0x0000000000002888       0x34 /home/warchlak/.p2/pool/plugins/fr.ac6.mcu.externaltools.arm-none.linux64_1.17.0.201812190825/tools/compiler/bin/../lib/gcc/arm-none-eabi/7.3.1/../../../../arm-none-eabi/lib/thumb/v7-m/libc.a(lib_a-__atexit.o)
