Archive member included to satisfy reference by file (symbol)

/home/warchlak/.p2/pool/plugins/fr.ac6.mcu.externaltools.arm-none.linux64_1.17.0.201812190825/tools/compiler/bin/../lib/gcc/arm-none-eabi/7.3.1/../../../../arm-none-eabi/lib/thumb/v7-m/libc.a(lib_a-errno.o)
                              src/syscalls.o (__errno)
/home/warchlak/.p2/pool/plugins/fr.ac6.mcu.externaltools.arm-none.linux64_1.17.0.201812190825/tools/compiler/bin/../lib/gcc/arm-none-eabi/7.3.1/../../../../arm-none-eabi/lib/thumb/v7-m/libc.a(lib_a-exit.o)
                              /home/warchlak/.p2/pool/plugins/fr.ac6.mcu.externaltools.arm-none.linux64_1.17.0.201812190825/tools/compiler/bin/../lib/gcc/arm-none-eabi/7.3.1/../../../../arm-none-eabi/lib/thumb/v7-m/crt0.o (exit)
/home/warchlak/.p2/pool/plugins/fr.ac6.mcu.externaltools.arm-none.linux64_1.17.0.201812190825/tools/compiler/bin/../lib/gcc/arm-none-eabi/7.3.1/../../../../arm-none-eabi/lib/thumb/v7-m/libc.a(lib_a-impure.o)
                              /home/warchlak/.p2/pool/plugins/fr.ac6.mcu.externaltools.arm-none.linux64_1.17.0.201812190825/tools/compiler/bin/../lib/gcc/arm-none-eabi/7.3.1/../../../../arm-none-eabi/lib/thumb/v7-m/libc.a(lib_a-exit.o) (_global_impure_ptr)
/home/warchlak/.p2/pool/plugins/fr.ac6.mcu.externaltools.arm-none.linux64_1.17.0.201812190825/tools/compiler/bin/../lib/gcc/arm-none-eabi/7.3.1/../../../../arm-none-eabi/lib/thumb/v7-m/libc.a(lib_a-init.o)
                              /home/warchlak/.p2/pool/plugins/fr.ac6.mcu.externaltools.arm-none.linux64_1.17.0.201812190825/tools/compiler/bin/../lib/gcc/arm-none-eabi/7.3.1/../../../../arm-none-eabi/lib/thumb/v7-m/crt0.o (__libc_init_array)
/home/warchlak/.p2/pool/plugins/fr.ac6.mcu.externaltools.arm-none.linux64_1.17.0.201812190825/tools/compiler/bin/../lib/gcc/arm-none-eabi/7.3.1/../../../../arm-none-eabi/lib/thumb/v7-m/libc.a(lib_a-memset.o)
                              /home/warchlak/.p2/pool/plugins/fr.ac6.mcu.externaltools.arm-none.linux64_1.17.0.201812190825/tools/compiler/bin/../lib/gcc/arm-none-eabi/7.3.1/../../../../arm-none-eabi/lib/thumb/v7-m/crt0.o (memset)
/home/warchlak/.p2/pool/plugins/fr.ac6.mcu.externaltools.arm-none.linux64_1.17.0.201812190825/tools/compiler/bin/../lib/gcc/arm-none-eabi/7.3.1/../../../../arm-none-eabi/lib/thumb/v7-m/libc.a(lib_a-__call_atexit.o)
                              /home/warchlak/.p2/pool/plugins/fr.ac6.mcu.externaltools.arm-none.linux64_1.17.0.201812190825/tools/compiler/bin/../lib/gcc/arm-none-eabi/7.3.1/../../../../arm-none-eabi/lib/thumb/v7-m/libc.a(lib_a-exit.o) (__call_exitprocs)
/home/warchlak/.p2/pool/plugins/fr.ac6.mcu.externaltools.arm-none.linux64_1.17.0.201812190825/tools/compiler/bin/../lib/gcc/arm-none-eabi/7.3.1/../../../../arm-none-eabi/lib/thumb/v7-m/libc.a(lib_a-atexit.o)
                              /home/warchlak/.p2/pool/plugins/fr.ac6.mcu.externaltools.arm-none.linux64_1.17.0.201812190825/tools/compiler/bin/../lib/gcc/arm-none-eabi/7.3.1/../../../../arm-none-eabi/lib/thumb/v7-m/libc.a(lib_a-__call_atexit.o) (atexit)
/home/warchlak/.p2/pool/plugins/fr.ac6.mcu.externaltools.arm-none.linux64_1.17.0.201812190825/tools/compiler/bin/../lib/gcc/arm-none-eabi/7.3.1/../../../../arm-none-eabi/lib/thumb/v7-m/libc.a(lib_a-fini.o)
                              /home/warchlak/.p2/pool/plugins/fr.ac6.mcu.externaltools.arm-none.linux64_1.17.0.201812190825/tools/compiler/bin/../lib/gcc/arm-none-eabi/7.3.1/../../../../arm-none-eabi/lib/thumb/v7-m/libc.a(lib_a-__call_atexit.o) (__libc_fini_array)
/home/warchlak/.p2/pool/plugins/fr.ac6.mcu.externaltools.arm-none.linux64_1.17.0.201812190825/tools/compiler/bin/../lib/gcc/arm-none-eabi/7.3.1/../../../../arm-none-eabi/lib/thumb/v7-m/libc.a(lib_a-lock.o)
                              /home/warchlak/.p2/pool/plugins/fr.ac6.mcu.externaltools.arm-none.linux64_1.17.0.201812190825/tools/compiler/bin/../lib/gcc/arm-none-eabi/7.3.1/../../../../arm-none-eabi/lib/thumb/v7-m/libc.a(lib_a-__call_atexit.o) (__retarget_lock_acquire_recursive)
/home/warchlak/.p2/pool/plugins/fr.ac6.mcu.externaltools.arm-none.linux64_1.17.0.201812190825/tools/compiler/bin/../lib/gcc/arm-none-eabi/7.3.1/../../../../arm-none-eabi/lib/thumb/v7-m/libc.a(lib_a-__atexit.o)
                              /home/warchlak/.p2/pool/plugins/fr.ac6.mcu.externaltools.arm-none.linux64_1.17.0.201812190825/tools/compiler/bin/../lib/gcc/arm-none-eabi/7.3.1/../../../../arm-none-eabi/lib/thumb/v7-m/libc.a(lib_a-atexit.o) (__register_exitproc)

Allocating common symbols
Common symbol       size              file

__lock___atexit_recursive_mutex
                    0x1               /home/warchlak/.p2/pool/plugins/fr.ac6.mcu.externaltools.arm-none.linux64_1.17.0.201812190825/tools/compiler/bin/../lib/gcc/arm-none-eabi/7.3.1/../../../../arm-none-eabi/lib/thumb/v7-m/libc.a(lib_a-lock.o)
__lock___arc4random_mutex
[...]
Memory Configuration

Name             Origin             Length             Attributes
RAM              0x0000000020000000 0x0000000000005000 xrw
ROM              0x0000000008000000 0x0000000000010000 xr
*default*        0x0000000000000000 0xffffffffffffffff

Linker script and memory map

LOAD /home/warchlak/.p2/pool/plugins/fr.ac6.mcu.externaltools.arm-none.linux64_1.17.0.201812190825/tools/compiler/bin/../lib/gcc/arm-none-eabi/7.3.1/thumb/v7-m/crti.o
LOAD /home/warchlak/.p2/pool/plugins/fr.ac6.mcu.externaltools.arm-none.linux64_1.17.0.201812190825/tools/compiler/bin/../lib/gcc/arm-none-eabi/7.3.1/thumb/v7-m/crtbegin.o
LOAD /home/warchlak/.p2/pool/plugins/fr.ac6.mcu.externaltools.arm-none.linux64_1.17.0.201812190825/tools/compiler/bin/../lib/gcc/arm-none-eabi/7.3.1/../../../../arm-none-eabi/lib/thumb/v7-m/crt0.o
LOAD HAL_Driver/Src/stm32f1xx_hal.o
LOAD HAL_Driver/Src/stm32f1xx_hal_adc.o
LOAD HAL_Driver/Src/stm32f1xx_hal_adc_ex.o
LOAD HAL_Driver/Src/stm32f1xx_hal_cec.o
LOAD HAL_Driver/Src/stm32f1xx_hal_cortex.o
LOAD HAL_Driver/Src/stm32f1xx_hal_crc.o
LOAD HAL_Driver/Src/stm32f1xx_hal_dac.o
LOAD HAL_Driver/Src/stm32f1xx_hal_dac_ex.o
LOAD HAL_Driver/Src/stm32f1xx_hal_dma.o
LOAD HAL_Driver/Src/stm32f1xx_hal_eth.o
LOAD HAL_Driver/Src/stm32f1xx_hal_flash.o
LOAD HAL_Driver/Src/stm32f1xx_hal_flash_ex.o
LOAD HAL_Driver/Src/stm32f1xx_hal_gpio.o
LOAD HAL_Driver/Src/stm32f1xx_hal_gpio_ex.o
LOAD HAL_Driver/Src/stm32f1xx_hal_hcd.o
LOAD HAL_Driver/Src/stm32f1xx_hal_i2c.o
LOAD HAL_Driver/Src/stm32f1xx_hal_i2s.o
LOAD HAL_Driver/Src/stm32f1xx_hal_irda.o
LOAD HAL_Driver/Src/stm32f1xx_hal_iwdg.o
LOAD HAL_Driver/Src/stm32f1xx_hal_mmc.o
LOAD HAL_Driver/Src/stm32f1xx_hal_msp_template.o
LOAD HAL_Driver/Src/stm32f1xx_hal_nand.o
LOAD HAL_Driver/Src/stm32f1xx_hal_nor.o
LOAD HAL_Driver/Src/stm32f1xx_hal_pccard.o
LOAD HAL_Driver/Src/stm32f1xx_hal_pcd.o
LOAD HAL_Driver/Src/stm32f1xx_hal_pcd_ex.o
LOAD HAL_Driver/Src/stm32f1xx_hal_pwr.o
LOAD HAL_Driver/Src/stm32f1xx_hal_rcc.o
LOAD HAL_Driver/Src/stm32f1xx_hal_rcc_ex.o
LOAD HAL_Driver/Src/stm32f1xx_hal_rtc.o
LOAD HAL_Driver/Src/stm32f1xx_hal_rtc_ex.o
LOAD HAL_Driver/Src/stm32f1xx_hal_sd.o
LOAD HAL_Driver/Src/stm32f1xx_hal_smartcard.o
LOAD HAL_Driver/Src/stm32f1xx_hal_spi.o
LOAD HAL_Driver/Src/stm32f1xx_hal_spi_ex.o
LOAD HAL_Driver/Src/stm32f1xx_hal_sram.o
LOAD HAL_Driver/Src/stm32f1xx_hal_tim.o
LOAD HAL_Driver/Src/stm32f1xx_hal_tim_ex.o
LOAD HAL_Driver/Src/stm32f1xx_hal_uart.o
LOAD HAL_Driver/Src/stm32f1xx_hal_usart.o
LOAD HAL_Driver/Src/stm32f1xx_hal_wwdg.o
LOAD HAL_Driver/Src/stm32f1xx_ll_adc.o
LOAD HAL_Driver/Src/stm32f1xx_ll_crc.o
LOAD HAL_Driver/Src/stm32f1xx_ll_dac.o
LOAD HAL_Driver/Src/stm32f1xx_ll_dma.o
LOAD HAL_Driver/Src/stm32f1xx_ll_exti.o
LOAD HAL_Driver/Src/stm32f1xx_ll_fsmc.o
LOAD HAL_Driver/Src/stm32f1xx_ll_gpio.o
LOAD HAL_Driver/Src/stm32f1xx_ll_i2c.o
LOAD HAL_Driver/Src/stm32f1xx_ll_pwr.o
LOAD HAL_Driver/Src/stm32f1xx_ll_rcc.o
LOAD HAL_Driver/Src/stm32f1xx_ll_rtc.o
LOAD HAL_Driver/Src/stm32f1xx_ll_sdmmc.o
LOAD HAL_Driver/Src/stm32f1xx_ll_spi.o
LOAD HAL_Driver/Src/stm32f1xx_ll_tim.o
LOAD HAL_Driver/Src/stm32f1xx_ll_usart.o
LOAD HAL_Driver/Src/stm32f1xx_ll_usb.o
LOAD HAL_Driver/Src/stm32f1xx_ll_utils.o
LOAD src/dma.o
LOAD src/gpio.o
LOAD src/main.o
LOAD src/nRF24L01.o
LOAD src/spi.o
LOAD src/stm32f1xx_it.o
LOAD src/syscalls.o
LOAD src/system_stm32f1xx.o
LOAD src/ws2812b.o
LOAD startup/startup_stm32.o
LOAD /home/warchlak/.p2/pool/plugins/fr.ac6.mcu.externaltools.arm-none.linux64_1.17.0.201812190825/tools/compiler/bin/../lib/gcc/arm-none-eabi/7.3.1/../../../../arm-none-eabi/lib/thumb/v7-m/libm.a
START GROUP
LOAD /home/warchlak/.p2/pool/plugins/fr.ac6.mcu.externaltools.arm-none.linux64_1.17.0.201812190825/tools/compiler/bin/../lib/gcc/arm-none-eabi/7.3.1/thumb/v7-m/libgcc.a
LOAD /home/warchlak/.p2/pool/plugins/fr.ac6.mcu.externaltools.arm-none.linux64_1.17.0.201812190825/tools/compiler/bin/../lib/gcc/arm-none-eabi/7.3.1/../../../../arm-none-eabi/lib/thumb/v7-m/libc.a
END GROUP
LOAD /home/warchlak/.p2/pool/plugins/fr.ac6.mcu.externaltools.arm-none.linux64_1.17.0.201812190825/tools/compiler/bin/../lib/gcc/arm-none-eabi/7.3.1/thumb/v7-m/crtend.o
LOAD /home/warchlak/.p2/pool/plugins/fr.ac6.mcu.externaltools.arm-none.linux64_1.17.0.201812190825/tools/compiler/bin/../lib/gcc/arm-none-eabi/7.3.1/thumb/v7-m/crtn.o
                0x0000000020005000                _estack = 0x20005000
                0x0000000000000000                _Min_Heap_Size = 0x0
                0x0000000000000400                _Min_Stack_Size = 0x400

.isr_vector     0x0000000008000000      0x130
                0x0000000008000000                . = ALIGN (0x4)
 *(.isr_vector)
 .isr_vector    0x0000000008000000      0x130 startup/startup_stm32.o
                0x0000000008000000                g_pfnVectors
                0x0000000008000130                . = ALIGN (0x4)

.text           0x0000000008000130     0x27c4
                0x0000000008000130                . = ALIGN (0x4)
 *(.text)
 .text          0x0000000008000130       0x40 /home/warchlak/.p2/pool/plugins/fr.ac6.mcu.externaltools.arm-none.linux64_1.17.0.201812190825/tools/compiler/bin/../lib/gcc/arm-none-eabi/7.3.1/thumb/v7-m/crtbegin.o
 *(.text*)
 .text.HAL_Init
                0x0000000008000170       0x2c HAL_Driver/Src/stm32f1xx_hal.o
                0x0000000008000170                HAL_Init
 .text.HAL_InitTick
                0x000000000800019c       0x60 HAL_Driver/Src/stm32f1xx_hal.o
                0x000000000800019c                HAL_InitTick
 .text.HAL_IncTick
                0x00000000080001fc       0x24 HAL_Driver/Src/stm32f1xx_hal.o
                0x00000000080001fc                HAL_IncTick
 .text.HAL_GetTick
                0x0000000008000220       0x14 HAL_Driver/Src/stm32f1xx_hal.o
                0x0000000008000220                HAL_GetTick
 .text.HAL_Delay
                0x0000000008000234       0x44 HAL_Driver/Src/stm32f1xx_hal.o
                0x0000000008000234                HAL_Delay
 .text.NVIC_SetPriorityGrouping
                0x0000000008000278       0x48 HAL_Driver/Src/stm32f1xx_hal_cortex.o
 .text.NVIC_GetPriorityGrouping
                0x00000000080002c0       0x1c HAL_Driver/Src/stm32f1xx_hal_cortex.o
 .text.NVIC_EnableIRQ
                0x00000000080002dc       0x30 HAL_Driver/Src/stm32f1xx_hal_cortex.o
 .text.NVIC_SetPriority
                0x000000000800030c       0x54 HAL_Driver/Src/stm32f1xx_hal_cortex.o
 .text.NVIC_EncodePriority
                0x0000000008000360       0x64 HAL_Driver/Src/stm32f1xx_hal_cortex.o
 .text.SysTick_Config
                0x00000000080003c4       0x44 HAL_Driver/Src/stm32f1xx_hal_cortex.o
 .text.HAL_NVIC_SetPriorityGrouping
                0x0000000008000408       0x16 HAL_Driver/Src/stm32f1xx_hal_cortex.o
                0x0000000008000408                HAL_NVIC_SetPriorityGrouping
 .text.HAL_NVIC_SetPriority
                0x000000000800041e       0x38 HAL_Driver/Src/stm32f1xx_hal_cortex.o
                0x000000000800041e                HAL_NVIC_SetPriority
 .text.HAL_NVIC_EnableIRQ
                0x0000000008000456       0x1c HAL_Driver/Src/stm32f1xx_hal_cortex.o
                0x0000000008000456                HAL_NVIC_EnableIRQ
 .text.HAL_SYSTICK_Config
                0x0000000008000472       0x18 HAL_Driver/Src/stm32f1xx_hal_cortex.o
                0x0000000008000472                HAL_SYSTICK_Config
 .text.HAL_SYSTICK_IRQHandler
                0x000000000800048a        0xc HAL_Driver/Src/stm32f1xx_hal_cortex.o
                0x000000000800048a                HAL_SYSTICK_IRQHandler
 .text.HAL_SYSTICK_Callback
                0x0000000008000496        0xc HAL_Driver/Src/stm32f1xx_hal_cortex.o
                0x0000000008000496                HAL_SYSTICK_Callback
 *fill*         0x00000000080004a2        0x2 
 .text.HAL_DMA_Init
                0x00000000080004a4       0xb4 HAL_Driver/Src/stm32f1xx_hal_dma.o
                0x00000000080004a4                HAL_DMA_Init
 .text.HAL_GPIO_Init
                0x0000000008000558      0x2bc HAL_Driver/Src/stm32f1xx_hal_gpio.o
                0x0000000008000558                HAL_GPIO_Init
 .text.HAL_GPIO_WritePin
                0x0000000008000814       0x30 HAL_Driver/Src/stm32f1xx_hal_gpio.o
                0x0000000008000814                HAL_GPIO_WritePin
 .text.HAL_MspInit
                0x0000000008000844        0xc HAL_Driver/Src/stm32f1xx_hal_msp_template.o
                0x0000000008000844                HAL_MspInit
 .text.HAL_RCC_OscConfig
                0x0000000008000850      0x4c8 HAL_Driver/Src/stm32f1xx_hal_rcc.o
                0x0000000008000850                HAL_RCC_OscConfig
 .text.HAL_RCC_ClockConfig
                0x0000000008000d18      0x218 HAL_Driver/Src/stm32f1xx_hal_rcc.o
                0x0000000008000d18                HAL_RCC_ClockConfig
 .text.HAL_RCC_GetSysClockFreq
                0x0000000008000f30       0xc4 HAL_Driver/Src/stm32f1xx_hal_rcc.o
                0x0000000008000f30                HAL_RCC_GetSysClockFreq
 .text.RCC_Delay
                0x0000000008000ff4       0x3c HAL_Driver/Src/stm32f1xx_hal_rcc.o
 .text.HAL_SPI_Transmit
                0x0000000008001030      0x2c0 HAL_Driver/Src/stm32f1xx_hal_spi.o
                0x0000000008001030                HAL_SPI_Transmit
 .text.HAL_SPI_TransmitReceive
                0x00000000080012f0      0x454 HAL_Driver/Src/stm32f1xx_hal_spi.o
                0x00000000080012f0                HAL_SPI_TransmitReceive
 .text.SPI_WaitFlagStateUntilTimeout
                0x0000000008001744       0xd2 HAL_Driver/Src/stm32f1xx_hal_spi.o
 .text.SPI_CheckFlag_BSY
                0x0000000008001816       0x3c HAL_Driver/Src/stm32f1xx_hal_spi.o
 *fill*         0x0000000008001852        0x2 
 .text.HAL_SPI_Init
                0x0000000008001854       0xd0 HAL_Driver/Src/stm32f1xx_hal_spi_ex.o
                0x0000000008001854                HAL_SPI_Init
 .text.SPI_ISCRCErrorValid
                0x0000000008001924       0x14 HAL_Driver/Src/stm32f1xx_hal_spi_ex.o
                0x0000000008001924                SPI_ISCRCErrorValid
 .text.MX_DMA_Init
                0x0000000008001938       0x3c src/dma.o
                0x0000000008001938                MX_DMA_Init
 .text.MX_GPIO_Init
                0x0000000008001974      0x10c src/gpio.o
                0x0000000008001974                MX_GPIO_Init
 .text.main     0x0000000008001a80      0x1b4 src/main.o
                0x0000000008001a80                main
 .text.SystemClock_Config
                0x0000000008001c34       0x80 src/main.o
                0x0000000008001c34                SystemClock_Config
 .text.Error_Handler
                0x0000000008001cb4        0xc src/main.o
                0x0000000008001cb4                Error_Handler
 .text.rf_initialize
                0x0000000008001cc0       0x38 src/nRF24L01.o
                0x0000000008001cc0                rf_initialize
 .text.rf_set_receiver
                0x0000000008001cf8       0x34 src/nRF24L01.o
                0x0000000008001cf8                rf_set_receiver
 .text.rf_set_power_up
                0x0000000008001d2c       0x3c src/nRF24L01.o
                0x0000000008001d2c                rf_set_power_up
 .text.configure_as_transmitter
                0x0000000008001d68       0x88 src/nRF24L01.o
                0x0000000008001d68                configure_as_transmitter
 .text.configure_as_receiver
                0x0000000008001df0       0xa0 src/nRF24L01.o
                0x0000000008001df0                configure_as_receiver
 .text.write_byte_to_register
                0x0000000008001e90       0x4c src/nRF24L01.o
                0x0000000008001e90                write_byte_to_register
 .text.read_register
                0x0000000008001edc       0x44 src/nRF24L01.o
                0x0000000008001edc                read_register
 .text.rf_initialize_address
                0x0000000008001f20       0x54 src/nRF24L01.o
                0x0000000008001f20                rf_initialize_address
 .text.write_rx_address
                0x0000000008001f74       0x34 src/nRF24L01.o
                0x0000000008001f74                write_rx_address
 .text.write_tx_address
                0x0000000008001fa8       0x34 src/nRF24L01.o
                0x0000000008001fa8                write_tx_address
 .text.write_payload_width
                0x0000000008001fdc       0x10 src/nRF24L01.o
                0x0000000008001fdc                write_payload_width
 .text.read_status_register
                0x0000000008001fec       0x38 src/nRF24L01.o
                0x0000000008001fec                read_status_register
 .text.rf_clear_interrupt_flags
                0x0000000008002024       0x2c src/nRF24L01.o
                0x0000000008002024                rf_clear_interrupt_flags
 .text.clear_chip_select
                0x0000000008002050       0x20 src/nRF24L01.o
                0x0000000008002050                clear_chip_select
 .text.set_chip_select
                0x0000000008002070       0x20 src/nRF24L01.o
                0x0000000008002070                set_chip_select
 .text.write_payload
                0x0000000008002090       0x40 src/nRF24L01.o
                0x0000000008002090                write_payload
 .text.read_payload
                0x00000000080020d0       0x40 src/nRF24L01.o
                0x00000000080020d0                read_payload
 .text.get_payload
                0x0000000008002110       0x14 src/nRF24L01.o
                0x0000000008002110                get_payload
 .text.MX_SPI1_Init
                0x0000000008002124       0x6c src/spi.o
                0x0000000008002124                MX_SPI1_Init
 .text.MX_SPI2_Init
                0x0000000008002190       0x6c src/spi.o
                0x0000000008002190                MX_SPI2_Init
 .text.HAL_SPI_MspInit
                0x00000000080021fc      0x14c src/spi.o
                0x00000000080021fc                HAL_SPI_MspInit
 .text.SysTick_Handler
                0x0000000008002348       0x10 src/stm32f1xx_it.o
                0x0000000008002348                SysTick_Handler
 .text.SystemInit
                0x0000000008002358       0x68 src/system_stm32f1xx.o
                0x0000000008002358                SystemInit
 .text.init_spi
                0x00000000080023c0       0x1c src/ws2812b.o
                0x00000000080023c0                init_spi
 .text.set_diode_color
                0x00000000080023dc       0x68 src/ws2812b.o
                0x00000000080023dc                set_diode_color
 .text.send_data_to_spi
                0x0000000008002444       0x24 src/ws2812b.o
                0x0000000008002444                send_data_to_spi
 .text.encode_diodes
                0x0000000008002468      0x228 src/ws2812b.o
                0x0000000008002468                encode_diodes
 .text.Reset_Handler
                0x0000000008002690       0x50 startup/startup_stm32.o
                0x0000000008002690                Reset_Handler
 .text.Default_Handler
                0x00000000080026e0        0x2 startup/startup_stm32.o
                0x00000000080026e0                EXTI2_IRQHandler
                0x00000000080026e0                TIM8_TRG_COM_IRQHandler
                0x00000000080026e0                TIM8_CC_IRQHandler
                0x00000000080026e0                DebugMon_Handler
                0x00000000080026e0                TIM1_CC_IRQHandler
                0x00000000080026e0                HardFault_Handler
                0x00000000080026e0                TIM6_IRQHandler
                0x00000000080026e0                PVD_IRQHandler
                0x00000000080026e0                SDIO_IRQHandler
                0x00000000080026e0                PendSV_Handler
                0x00000000080026e0                NMI_Handler
                0x00000000080026e0                EXTI3_IRQHandler
                0x00000000080026e0                USB_HP_CAN_TX_IRQHandler
                0x00000000080026e0                EXTI0_IRQHandler
                0x00000000080026e0                I2C2_EV_IRQHandler
                0x00000000080026e0                UsageFault_Handler
                0x00000000080026e0                ADC1_2_IRQHandler
                0x00000000080026e0                SPI1_IRQHandler
                0x00000000080026e0                CAN_SCE_IRQHandler
                0x00000000080026e0                TAMPER_IRQHandler
                0x00000000080026e0                TIM8_UP_IRQHandler
                0x00000000080026e0                DMA2_Channel2_IRQHandler
                0x00000000080026e0                DMA1_Channel4_IRQHandler
                0x00000000080026e0                USART3_IRQHandler
                0x00000000080026e0                RTC_IRQHandler
                0x00000000080026e0                DMA1_Channel7_IRQHandler
                0x00000000080026e0                UART5_IRQHandler
                0x00000000080026e0                ADC3_IRQHandler
                0x00000000080026e0                TIM4_IRQHandler
                0x00000000080026e0                CAN_RX1_IRQHandler
                0x00000000080026e0                DMA2_Channel1_IRQHandler
                0x00000000080026e0                I2C1_EV_IRQHandler
                0x00000000080026e0                DMA1_Channel6_IRQHandler
                0x00000000080026e0                UART4_IRQHandler
                0x00000000080026e0                TIM3_IRQHandler
                0x00000000080026e0                RCC_IRQHandler
                0x00000000080026e0                TIM1_TRG_COM_IRQHandler
                0x00000000080026e0                DMA1_Channel1_IRQHandler
                0x00000000080026e0                Default_Handler
                0x00000000080026e0                EXTI15_10_IRQHandler
                0x00000000080026e0                TIM7_IRQHandler
                0x00000000080026e0                TIM5_IRQHandler
                0x00000000080026e0                EXTI9_5_IRQHandler
                0x00000000080026e0                SPI2_IRQHandler
                0x00000000080026e0                USB_LP_CAN_RX0_IRQHandler
                0x00000000080026e0                MemManage_Handler
                0x00000000080026e0                SVC_Handler
                0x00000000080026e0                DMA1_Channel5_IRQHandler
                0x00000000080026e0                EXTI4_IRQHandler
                0x00000000080026e0                DMA1_Channel3_IRQHandler
                0x00000000080026e0                FSMC_IRQHandler
                0x00000000080026e0                TIM1_UP_IRQHandler
                0x00000000080026e0                WWDG_IRQHandler
                0x00000000080026e0                TIM2_IRQHandler
                0x00000000080026e0                TIM1_BRK_IRQHandler
                0x00000000080026e0                EXTI1_IRQHandler
                0x00000000080026e0                RTCAlarm_IRQHandler
                0x00000000080026e0                DMA2_Channel4_5_IRQHandler
                0x00000000080026e0                USART2_IRQHandler
                0x00000000080026e0                I2C2_ER_IRQHandler
                0x00000000080026e0                DMA1_Channel2_IRQHandler
                0x00000000080026e0                TIM8_BRK_IRQHandler
                0x00000000080026e0                FLASH_IRQHandler
                0x00000000080026e0                BusFault_Handler
                0x00000000080026e0                USART1_IRQHandler
                0x00000000080026e0                SPI3_IRQHandler
                0x00000000080026e0                I2C1_ER_IRQHandler
                0x00000000080026e0                DMA2_Channel3_IRQHandler
 *fill*         0x00000000080026e2        0x2 
 .text.__libc_init_array
                0x00000000080026e4       0x48 /home/warchlak/.p2/pool/plugins/fr.ac6.mcu.externaltools.arm-none.linux64_1.17.0.201812190825/tools/compiler/bin/../lib/gcc/arm-none-eabi/7.3.1/../../../../arm-none-eabi/lib/thumb/v7-m/libc.a(lib_a-init.o)
                0x00000000080026e4                __libc_init_array
 .text.memset   0x000000000800272c       0x94 /home/warchlak/.p2/pool/plugins/fr.ac6.mcu.externaltools.arm-none.linux64_1.17.0.201812190825/tools/compiler/bin/../lib/gcc/arm-none-eabi/7.3.1/../../../../arm-none-eabi/lib/thumb/v7-m/libc.a(lib_a-memset.o)
                0x000000000800272c                memset
 .text.startup.register_fini
                0x00000000080027c0       0x14 /home/warchlak/.p2/pool/plugins/fr.ac6.mcu.externaltools.arm-none.linux64_1.17.0.201812190825/tools/compiler/bin/../lib/gcc/arm-none-eabi/7.3.1/../../../../arm-none-eabi/lib/thumb/v7-m/libc.a(lib_a-__call_atexit.o)
 .text.atexit   0x00000000080027d4        0xc /home/warchlak/.p2/pool/plugins/fr.ac6.mcu.externaltools.arm-none.linux64_1.17.0.201812190825/tools/compiler/bin/../lib/gcc/arm-none-eabi/7.3.1/../../../../arm-none-eabi/lib/thumb/v7-m/libc.a(lib_a-atexit.o)
                0x00000000080027d4                atexit
 .text.__libc_fini_array
                0x00000000080027e0       0x34 /home/warchlak/.p2/pool/plugins/fr.ac6.mcu.externaltools.arm-none.linux64_1.17.0.201812190825/tools/compiler/bin/../lib/gcc/arm-none-eabi/7.3.1/../../../../arm-none-eabi/lib/thumb/v7-m/libc.a(lib_a-fini.o)
                0x00000000080027e0                __libc_fini_array
 .text.__retarget_lock_acquire_recursive
                0x0000000008002814        0x4 /home/warchlak/.p2/pool/plugins/fr.ac6.mcu.externaltools.arm-none.linux64_1.17.0.201812190825/tools/compiler/bin/../lib/gcc/arm-none-eabi/7.3.1/../../../../arm-none-eabi/lib/thumb/v7-m/libc.a(lib_a-lock.o)
                0x0000000008002814                __retarget_lock_acquire_recursive
 .text.__retarget_lock_release_recursive
                0x0000000008002818        0x4 /home/warchlak/.p2/pool/plugins/fr.ac6.mcu.externaltools.arm-none.linux64_1.17.0.201812190825/tools/compiler/bin/../lib/gcc/arm-none-eabi/7.3.1/../../../../arm-none-eabi/lib/thumb/v7-m/libc.a(lib_a-lock.o)
                0x0000000008002818                __retarget_lock_release_recursive
 .text.__register_exitproc
                0x000000000800281c       0xc0 /home/warchlak/.p2/pool/plugins/fr.ac6.mcu.externaltools.arm-none.linux64_1.17.0.201812190825/tools/compiler/bin/../lib/gcc/arm-none-eabi/7.3.1/../../../../arm-none-eabi/lib/thumb/v7-m/libc.a(lib_a-__atexit.o)
                0x000000000800281c                __register_exitproc
 *(.glue_7)
 .glue_7        0x00000000080028dc        0x0 linker stubs
 *(.glue_7t)
 .glue_7t       0x00000000080028dc        0x0 linker stubs
 *(.eh_frame)
 .eh_frame      0x00000000080028dc        0x0 /home/warchlak/.p2/pool/plugins/fr.ac6.mcu.externaltools.arm-none.linux64_1.17.0.201812190825/tools/compiler/bin/../lib/gcc/arm-none-eabi/7.3.1/thumb/v7-m/crtbegin.o
 *(.init)
 .init          0x00000000080028dc        0x4 /home/warchlak/.p2/pool/plugins/fr.ac6.mcu.externaltools.arm-none.linux64_1.17.0.201812190825/tools/compiler/bin/../lib/gcc/arm-none-eabi/7.3.1/thumb/v7-m/crti.o
                0x00000000080028dc                _init
 .init          0x00000000080028e0        0x8 /home/warchlak/.p2/pool/plugins/fr.ac6.mcu.externaltools.arm-none.linux64_1.17.0.201812190825/tools/compiler/bin/../lib/gcc/arm-none-eabi/7.3.1/thumb/v7-m/crtn.o
 *(.fini)
 .fini          0x00000000080028e8        0x4 /home/warchlak/.p2/pool/plugins/fr.ac6.mcu.externaltools.arm-none.linux64_1.17.0.201812190825/tools/compiler/bin/../lib/gcc/arm-none-eabi/7.3.1/thumb/v7-m/crti.o
                0x00000000080028e8                _fini
 .fini          0x00000000080028ec        0x8 /home/warchlak/.p2/pool/plugins/fr.ac6.mcu.externaltools.arm-none.linux64_1.17.0.201812190825/tools/compiler/bin/../lib/gcc/arm-none-eabi/7.3.1/thumb/v7-m/crtn.o
                0x00000000080028f4                . = ALIGN (0x4)
                0x00000000080028f4                _etext = .

.vfp11_veneer   0x00000000080028f4        0x0
 .vfp11_veneer  0x00000000080028f4        0x0 linker stubs

.v4_bx          0x00000000080028f4        0x0
 .v4_bx         0x00000000080028f4        0x0 linker stubs

.iplt           0x00000000080028f4        0x0
 .iplt          0x00000000080028f4        0x0 /home/warchlak/.p2/pool/plugins/fr.ac6.mcu.externaltools.arm-none.linux64_1.17.0.201812190825/tools/compiler/bin/../lib/gcc/arm-none-eabi/7.3.1/thumb/v7-m/crtbegin.o

.rodata         0x00000000080028f4       0x38
                0x00000000080028f4                . = ALIGN (0x4)
 *(.rodata)
 .rodata        0x00000000080028f4       0x12 HAL_Driver/Src/stm32f1xx_hal_rcc.o
 *fill*         0x0000000008002906        0x2 
 .rodata        0x0000000008002908        0x5 src/main.o
 *fill*         0x000000000800290d        0x3 
 .rodata        0x0000000008002910       0x18 src/system_stm32f1xx.o
                0x0000000008002910                AHBPrescTable
                0x0000000008002920                APBPrescTable
 *(.rodata*)
 .rodata._global_impure_ptr
                0x0000000008002928        0x4 /home/warchlak/.p2/pool/plugins/fr.ac6.mcu.externaltools.arm-none.linux64_1.17.0.201812190825/tools/compiler/bin/../lib/gcc/arm-none-eabi/7.3.1/../../../../arm-none-eabi/lib/thumb/v7-m/libc.a(lib_a-impure.o)
                0x0000000008002928                _global_impure_ptr
                0x000000000800292c                . = ALIGN (0x4)

.rel.dyn        0x000000000800292c        0x0
 .rel.iplt      0x000000000800292c        0x0 /home/warchlak/.p2/pool/plugins/fr.ac6.mcu.externaltools.arm-none.linux64_1.17.0.201812190825/tools/compiler/bin/../lib/gcc/arm-none-eabi/7.3.1/thumb/v7-m/crtbegin.o

.ARM.extab      0x000000000800292c        0x0
                0x000000000800292c                . = ALIGN (0x4)
 *(.ARM.extab* .gnu.linkonce.armextab.*)
                0x000000000800292c                . = ALIGN (0x4)

.ARM            0x000000000800292c        0x0
                0x000000000800292c                . = ALIGN (0x4)
                0x000000000800292c                __exidx_start = .
 *(.ARM.exidx*)
                0x000000000800292c                __exidx_end = .
                0x000000000800292c                . = ALIGN (0x4)

.preinit_array  0x000000000800292c        0x0
                0x000000000800292c                . = ALIGN (0x4)
                0x000000000800292c                PROVIDE (__preinit_array_start = .)
 *(.preinit_array*)
                0x000000000800292c                PROVIDE (__preinit_array_end = .)
                0x000000000800292c                . = ALIGN (0x4)

.init_array     0x000000000800292c        0x8
                0x000000000800292c                . = ALIGN (0x4)
                0x000000000800292c                PROVIDE (__init_array_start = .)
 *(SORT_BY_NAME(.init_array.*))
 .init_array.00000
                0x000000000800292c        0x4 /home/warchlak/.p2/pool/plugins/fr.ac6.mcu.externaltools.arm-none.linux64_1.17.0.201812190825/tools/compiler/bin/../lib/gcc/arm-none-eabi/7.3.1/../../../../arm-none-eabi/lib/thumb/v7-m/libc.a(lib_a-__call_atexit.o)
 *(.init_array*)
 .init_array    0x0000000008002930        0x4 /home/warchlak/.p2/pool/plugins/fr.ac6.mcu.externaltools.arm-none.linux64_1.17.0.201812190825/tools/compiler/bin/../lib/gcc/arm-none-eabi/7.3.1/thumb/v7-m/crtbegin.o
                0x0000000008002934                PROVIDE (__init_array_end = .)
                0x0000000008002934                . = ALIGN (0x4)

.fini_array     0x0000000008002934        0x4
                0x0000000008002934                . = ALIGN (0x4)
                0x0000000008002934                PROVIDE (__fini_array_start = .)
 *(SORT_BY_NAME(.fini_array.*))
 *(.fini_array*)
 .fini_array    0x0000000008002934        0x4 /home/warchlak/.p2/pool/plugins/fr.ac6.mcu.externaltools.arm-none.linux64_1.17.0.201812190825/tools/compiler/bin/../lib/gcc/arm-none-eabi/7.3.1/thumb/v7-m/crtbegin.o
                0x0000000008002938                PROVIDE (__fini_array_end = .)
                0x0000000008002938                . = ALIGN (0x4)
                0x0000000008002938                _sidata = LOADADDR (.data)

.data           0x0000000020000000      0x45c load address 0x0000000008002938
                0x0000000020000000                . = ALIGN (0x4)
                0x0000000020000000                _sdata = .
 *(.data)
 .data          0x0000000020000000        0x5 HAL_Driver/Src/stm32f1xx_hal.o
                0x0000000020000000                uwTickPrio
                0x0000000020000004                uwTickFreq
 *fill*         0x0000000020000005        0x3 
 .data          0x0000000020000008       0x1e src/nRF24L01.o
                0x0000000020000008                rf_configuration
                0x000000002000000c                payload
                0x0000000020000010                address
                0x0000000020000015                address_length
                0x0000000020000018                address_tx_write_command
                0x0000000020000020                address_rx_write_command
 *fill*         0x0000000020000026        0x2 
 .data          0x0000000020000028        0x4 src/system_stm32f1xx.o
                0x0000000020000028                SystemCoreClock
 *(.data*)
 *fill*         0x000000002000002c        0x4 
 .data.impure_data
                0x0000000020000030      0x428 /home/warchlak/.p2/pool/plugins/fr.ac6.mcu.externaltools.arm-none.linux64_1.17.0.201812190825/tools/compiler/bin/../lib/gcc/arm-none-eabi/7.3.1/../../../../arm-none-eabi/lib/thumb/v7-m/libc.a(lib_a-impure.o)
 .data.__atexit_recursive_mutex
                0x0000000020000458        0x4 /home/warchlak/.p2/pool/plugins/fr.ac6.mcu.externaltools.arm-none.linux64_1.17.0.201812190825/tools/compiler/bin/../lib/gcc/arm-none-eabi/7.3.1/../../../../arm-none-eabi/lib/thumb/v7-m/libc.a(lib_a-__call_atexit.o)
                0x0000000020000458                __atexit_recursive_mutex
                0x000000002000045c                . = ALIGN (0x4)
                0x000000002000045c                _edata = .

.igot.plt       0x000000002000045c        0x0 load address 0x0000000008002d94
 .igot.plt      0x000000002000045c        0x0 /home/warchlak/.p2/pool/plugins/fr.ac6.mcu.externaltools.arm-none.linux64_1.17.0.201812190825/tools/compiler/bin/../lib/gcc/arm-none-eabi/7.3.1/thumb/v7-m/crtbegin.o
                0x000000002000045c                . = ALIGN (0x4)

.bss            0x000000002000045c      0x1e0 load address 0x0000000008002d94
                0x000000002000045c                _sbss = .
                0x000000002000045c                __bss_start__ = _sbss
 *(.bss)
 .bss           0x000000002000045c       0x1c /home/warchlak/.p2/pool/plugins/fr.ac6.mcu.externaltools.arm-none.linux64_1.17.0.201812190825/tools/compiler/bin/../lib/gcc/arm-none-eabi/7.3.1/thumb/v7-m/crtbegin.o
 .bss           0x0000000020000478        0x1 HAL_Driver/Src/stm32f1xx_hal_spi_ex.o
                0x0000000020000478                uCRCErrorWorkaroundCheck
 *fill*         0x0000000020000479        0x3 
 .bss           0x000000002000047c        0x4 src/nRF24L01.o
                0x000000002000047c                dump_data
 .bss           0x0000000020000480        0x4 src/ws2812b.o
                0x0000000020000480                encoded_color
 *(.bss*)
 *(COMMON)
 COMMON         0x0000000020000484        0x4 HAL_Driver/Src/stm32f1xx_hal.o
                0x0000000020000484                uwTick
 COMMON         0x0000000020000488       0x10 src/nRF24L01.o
                0x0000000020000488                gpio_chip_select
                0x000000002000048c                status_register
                0x0000000020000490                gpio_handler
                0x0000000020000494                spi
 COMMON         0x0000000020000498       0xf4 src/spi.o
                0x0000000020000498                hspi2
                0x00000000200004f0                hspi1
                0x0000000020000548                hdma_spi1_tx
 COMMON         0x000000002000058c       0x8c src/ws2812b.o
                0x000000002000058c                spi_handle
                0x0000000020000590                encoded_color_data
                0x0000000020000600                diodes_colors
 COMMON         0x0000000020000618       0x21 /home/warchlak/.p2/pool/plugins/fr.ac6.mcu.externaltools.arm-none.linux64_1.17.0.201812190825/tools/compiler/bin/../lib/gcc/arm-none-eabi/7.3.1/../../../../arm-none-eabi/lib/thumb/v7-m/libc.a(lib_a-lock.o)
                0x0000000020000618                __lock___atexit_recursive_mutex
                0x000000002000061c                __lock___arc4random_mutex
                0x0000000020000620                __lock___env_recursive_mutex
                0x0000000020000624                __lock___sinit_recursive_mutex
                0x0000000020000628                __lock___malloc_recursive_mutex
                0x000000002000062c                __lock___at_quick_exit_mutex
                0x0000000020000630                __lock___dd_hash_mutex
                0x0000000020000634                __lock___tz_mutex
                0x0000000020000638                __lock___sfp_recursive_mutex
                0x000000002000063c                . = ALIGN (0x4)
 *fill*         0x0000000020000639        0x3 
                0x000000002000063c                _ebss = .
                0x000000002000063c                __bss_end__ = _ebss

._user_heap_stack
                0x000000002000063c      0x404 load address 0x0000000008002d94
                0x0000000020000640                . = ALIGN (0x8)
 *fill*         0x000000002000063c        0x4 
                0x0000000020000640                PROVIDE (end = .)
                [!provide]                        PROVIDE (_end = .)
                0x0000000020000640                . = (. + _Min_Heap_Size)
                0x0000000020000a40                . = (. + _Min_Stack_Size)
 *fill*         0x0000000020000640      0x400 
                0x0000000020000a40                . = ALIGN (0x8)

/DISCARD/
 libc.a(*)
 libm.a(*)
 libgcc.a(*)

.ARM.attributes
                0x0000000000000000       0x29
 *(.ARM.attributes)
 .ARM.attributes
                0x0000000000000000       0x1d /home/warchlak/.p2/pool/plugins/fr.ac6.mcu.externaltools.arm-none.linux64_1.17.0.201812190825/tools/compiler/bin/../lib/gcc/arm-none-eabi/7.3.1/thumb/v7-m/crti.o
 .ARM.attributes
                0x000000000000001d       0x2d /home/warchlak/.p2/pool/plugins/fr.ac6.mcu.externaltools.arm-none.linux64_1.17.0.201812190825/tools/compiler/bin/../lib/gcc/arm-none-eabi/7.3.1/thumb/v7-m/crtbegin.o
 .ARM.attributes
                0x000000000000004a       0x33 HAL_Driver/Src/stm32f1xx_hal.o
 .ARM.attributes
                0x000000000000007d       0x33 HAL_Driver/Src/stm32f1xx_hal_cortex.o
 .ARM.attributes
                0x00000000000000b0       0x33 HAL_Driver/Src/stm32f1xx_hal_dma.o
 .ARM.attributes
                0x00000000000000e3       0x33 HAL_Driver/Src/stm32f1xx_hal_gpio.o
 .ARM.attributes
                0x0000000000000116       0x33 HAL_Driver/Src/stm32f1xx_hal_msp_template.o
 .ARM.attributes
                0x0000000000000149       0x33 HAL_Driver/Src/stm32f1xx_hal_rcc.o
 .ARM.attributes
                0x000000000000017c       0x33 HAL_Driver/Src/stm32f1xx_hal_spi.o
 .ARM.attributes
                0x00000000000001af       0x33 HAL_Driver/Src/stm32f1xx_hal_spi_ex.o
 .ARM.attributes
                0x00000000000001e2       0x33 src/dma.o
 .ARM.attributes
                0x0000000000000215       0x33 src/gpio.o
 .ARM.attributes
                0x0000000000000248       0x33 src/main.o
 .ARM.attributes
                0x000000000000027b       0x33 src/nRF24L01.o
 .ARM.attributes
                0x00000000000002ae       0x33 src/spi.o
 .ARM.attributes
                0x00000000000002e1       0x33 src/stm32f1xx_it.o
 .ARM.attributes
                0x0000000000000314       0x33 src/system_stm32f1xx.o
 .ARM.attributes
                0x0000000000000347       0x33 src/ws2812b.o
 .ARM.attributes
                0x000000000000037a       0x21 startup/startup_stm32.o
 .ARM.attributes
                0x000000000000039b       0x2d /home/warchlak/.p2/pool/plugins/fr.ac6.mcu.externaltools.arm-none.linux64_1.17.0.201812190825/tools/compiler/bin/../lib/gcc/arm-none-eabi/7.3.1/../../../../arm-none-eabi/lib/thumb/v7-m/libc.a(lib_a-impure.o)
 .ARM.attributes
                0x00000000000003c8       0x2d /home/warchlak/.p2/pool/plugins/fr.ac6.mcu.externaltools.arm-none.linux64_1.17.0.201812190825/tools/compiler/bin/../lib/gcc/arm-none-eabi/7.3.1/../../../../arm-none-eabi/lib/thumb/v7-m/libc.a(lib_a-init.o)
 .ARM.attributes
                0x00000000000003f5       0x2d /home/warchlak/.p2/pool/plugins/fr.ac6.mcu.externaltools.arm-none.linux64_1.17.0.201812190825/tools/compiler/bin/../lib/gcc/arm-none-eabi/7.3.1/../../../../arm-none-eabi/lib/thumb/v7-m/libc.a(lib_a-memset.o)
 .ARM.attributes
                0x0000000000000422       0x2d /home/warchlak/.p2/pool/plugins/fr.ac6.mcu.externaltools.arm-none.linux64_1.17.0.201812190825/tools/compiler/bin/../lib/gcc/arm-none-eabi/7.3.1/../../../../arm-none-eabi/lib/thumb/v7-m/libc.a(lib_a-__call_atexit.o)
 .ARM.attributes
                0x000000000000044f       0x2d /home/warchlak/.p2/pool/plugins/fr.ac6.mcu.externaltools.arm-none.linux64_1.17.0.201812190825/tools/compiler/bin/../lib/gcc/arm-none-eabi/7.3.1/../../../../arm-none-eabi/lib/thumb/v7-m/libc.a(lib_a-atexit.o)
 .ARM.attributes
                0x000000000000047c       0x2d /home/warchlak/.p2/pool/plugins/fr.ac6.mcu.externaltools.arm-none.linux64_1.17.0.201812190825/tools/compiler/bin/../lib/gcc/arm-none-eabi/7.3.1/../../../../arm-none-eabi/lib/thumb/v7-m/libc.a(lib_a-fini.o)
 .ARM.attributes
                0x00000000000004a9       0x2d /home/warchlak/.p2/pool/plugins/fr.ac6.mcu.externaltools.arm-none.linux64_1.17.0.201812190825/tools/compiler/bin/../lib/gcc/arm-none-eabi/7.3.1/../../../../arm-none-eabi/lib/thumb/v7-m/libc.a(lib_a-lock.o)
 .ARM.attributes
                0x00000000000004d6       0x2d /home/warchlak/.p2/pool/plugins/fr.ac6.mcu.externaltools.arm-none.linux64_1.17.0.201812190825/tools/compiler/bin/../lib/gcc/arm-none-eabi/7.3.1/../../../../arm-none-eabi/lib/thumb/v7-m/libc.a(lib_a-__atexit.o)
 .ARM.attributes
                0x0000000000000503       0x1d /home/warchlak/.p2/pool/plugins/fr.ac6.mcu.externaltools.arm-none.linux64_1.17.0.201812190825/tools/compiler/bin/../lib/gcc/arm-none-eabi/7.3.1/thumb/v7-m/crtn.o
OUTPUT(HelloWorld.elf elf32-littlearm)

.debug_info     0x0000000000000000     0xf7b0
 .debug_info    0x0000000000000000      0xf0a HAL_Driver/Src/stm32f1xx_hal.o
 .debug_info    0x0000000000000f0a     0x1358 HAL_Driver/Src/stm32f1xx_hal_cortex.o
 .debug_info    0x0000000000002262      0xfc6 HAL_Driver/Src/stm32f1xx_hal_dma.o
 .debug_info    0x0000000000003228      0xebd HAL_Driver/Src/stm32f1xx_hal_gpio.o
 .debug_info    0x00000000000040e5      0x9c7 HAL_Driver/Src/stm32f1xx_hal_msp_template.o
 .debug_info    0x0000000000004aac     0x1039 HAL_Driver/Src/stm32f1xx_hal_rcc.o
 .debug_info    0x0000000000005ae5     0x1dd9 HAL_Driver/Src/stm32f1xx_hal_spi.o
 .debug_info    0x00000000000078be      0xe8b HAL_Driver/Src/stm32f1xx_hal_spi_ex.o
 .debug_info    0x0000000000008749      0xb8f src/dma.o
 .debug_info    0x00000000000092d8      0xb74 src/gpio.o
 .debug_info    0x0000000000009e4c     0x10e3 src/main.o
 .debug_info    0x000000000000af2f     0x121c src/nRF24L01.o
 .debug_info    0x000000000000c14b     0x1094 src/spi.o
 .debug_info    0x000000000000d1df      0x994 src/stm32f1xx_it.o
 .debug_info    0x000000000000db73      0xc59 src/system_stm32f1xx.o
 .debug_info    0x000000000000e7cc      0xfc2 src/ws2812b.o
 .debug_info    0x000000000000f78e       0x22 startup/startup_stm32.o

.debug_abbrev   0x0000000000000000     0x2757
 .debug_abbrev  0x0000000000000000      0x2f5 HAL_Driver/Src/stm32f1xx_hal.o
 .debug_abbrev  0x00000000000002f5      0x396 HAL_Driver/Src/stm32f1xx_hal_cortex.o
 .debug_abbrev  0x000000000000068b      0x2a7 HAL_Driver/Src/stm32f1xx_hal_dma.o
 .debug_abbrev  0x0000000000000932      0x289 HAL_Driver/Src/stm32f1xx_hal_gpio.o
 .debug_abbrev  0x0000000000000bbb      0x1cb HAL_Driver/Src/stm32f1xx_hal_msp_template.o
 .debug_abbrev  0x0000000000000d86      0x323 HAL_Driver/Src/stm32f1xx_hal_rcc.o
 .debug_abbrev  0x00000000000010a9      0x2e9 HAL_Driver/Src/stm32f1xx_hal_spi.o
 .debug_abbrev  0x0000000000001392      0x218 HAL_Driver/Src/stm32f1xx_hal_spi_ex.o
 .debug_abbrev  0x00000000000015aa      0x1fb src/dma.o
 .debug_abbrev  0x00000000000017a5      0x1fd src/gpio.o
 .debug_abbrev  0x00000000000019a2      0x23e src/main.o
 .debug_abbrev  0x0000000000001be0      0x2b4 src/nRF24L01.o
 .debug_abbrev  0x0000000000001e94      0x244 src/spi.o
 .debug_abbrev  0x00000000000020d8      0x1cb src/stm32f1xx_it.o
 .debug_abbrev  0x00000000000022a3      0x228 src/system_stm32f1xx.o
 .debug_abbrev  0x00000000000024cb      0x27a src/ws2812b.o
 .debug_abbrev  0x0000000000002745       0x12 startup/startup_stm32.o

.debug_aranges  0x0000000000000000      0x788
 .debug_aranges
                0x0000000000000000       0xd0 HAL_Driver/Src/stm32f1xx_hal.o
 .debug_aranges
                0x00000000000000d0      0x100 HAL_Driver/Src/stm32f1xx_hal_cortex.o
 .debug_aranges
                0x00000000000001d0       0x80 HAL_Driver/Src/stm32f1xx_hal_dma.o
 .debug_aranges
                0x0000000000000250       0x58 HAL_Driver/Src/stm32f1xx_hal_gpio.o
 .debug_aranges
                0x00000000000002a8       0x38 HAL_Driver/Src/stm32f1xx_hal_msp_template.o
 .debug_aranges
                0x00000000000002e0       0x90 HAL_Driver/Src/stm32f1xx_hal_rcc.o
 .debug_aranges
                0x0000000000000370      0x1f0 HAL_Driver/Src/stm32f1xx_hal_spi.o
 .debug_aranges
                0x0000000000000560       0x28 HAL_Driver/Src/stm32f1xx_hal_spi_ex.o
 .debug_aranges
                0x0000000000000588       0x20 src/dma.o
 .debug_aranges
                0x00000000000005a8       0x20 src/gpio.o
 .debug_aranges
                0x00000000000005c8       0x30 src/main.o
 .debug_aranges
                0x00000000000005f8       0xb0 src/nRF24L01.o
 .debug_aranges
                0x00000000000006a8       0x38 src/spi.o
 .debug_aranges
                0x00000000000006e0       0x20 src/stm32f1xx_it.o
 .debug_aranges
                0x0000000000000700       0x28 src/system_stm32f1xx.o
 .debug_aranges
                0x0000000000000728       0x38 src/ws2812b.o
 .debug_aranges
                0x0000000000000760       0x28 startup/startup_stm32.o

.debug_ranges   0x0000000000000000      0x680
 .debug_ranges  0x0000000000000000       0xc0 HAL_Driver/Src/stm32f1xx_hal.o
 .debug_ranges  0x00000000000000c0       0xf0 HAL_Driver/Src/stm32f1xx_hal_cortex.o
 .debug_ranges  0x00000000000001b0       0x70 HAL_Driver/Src/stm32f1xx_hal_dma.o
 .debug_ranges  0x0000000000000220       0x48 HAL_Driver/Src/stm32f1xx_hal_gpio.o
 .debug_ranges  0x0000000000000268       0x28 HAL_Driver/Src/stm32f1xx_hal_msp_template.o
 .debug_ranges  0x0000000000000290       0x80 HAL_Driver/Src/stm32f1xx_hal_rcc.o
 .debug_ranges  0x0000000000000310      0x1e0 HAL_Driver/Src/stm32f1xx_hal_spi.o
 .debug_ranges  0x00000000000004f0       0x18 HAL_Driver/Src/stm32f1xx_hal_spi_ex.o
 .debug_ranges  0x0000000000000508       0x10 src/dma.o
 .debug_ranges  0x0000000000000518       0x10 src/gpio.o
 .debug_ranges  0x0000000000000528       0x20 src/main.o
 .debug_ranges  0x0000000000000548       0xa0 src/nRF24L01.o
 .debug_ranges  0x00000000000005e8       0x28 src/spi.o
 .debug_ranges  0x0000000000000610       0x10 src/stm32f1xx_it.o
 .debug_ranges  0x0000000000000620       0x18 src/system_stm32f1xx.o
 .debug_ranges  0x0000000000000638       0x28 src/ws2812b.o
 .debug_ranges  0x0000000000000660       0x20 startup/startup_stm32.o

.debug_macro    0x0000000000000000    0x19065
 .debug_macro   0x0000000000000000      0x426 HAL_Driver/Src/stm32f1xx_hal.o
 .debug_macro   0x0000000000000426      0xa6c HAL_Driver/Src/stm32f1xx_hal.o
 .debug_macro   0x0000000000000e92      0x224 HAL_Driver/Src/stm32f1xx_hal.o
 .debug_macro   0x00000000000010b6       0x28 HAL_Driver/Src/stm32f1xx_hal.o
 .debug_macro   0x00000000000010de       0x22 HAL_Driver/Src/stm32f1xx_hal.o
 .debug_macro   0x0000000000001100       0x22 HAL_Driver/Src/stm32f1xx_hal.o
 .debug_macro   0x0000000000001122       0x8e HAL_Driver/Src/stm32f1xx_hal.o
 .debug_macro   0x00000000000011b0       0x51 HAL_Driver/Src/stm32f1xx_hal.o
 .debug_macro   0x0000000000001201       0xef HAL_Driver/Src/stm32f1xx_hal.o
 .debug_macro   0x00000000000012f0       0x6a HAL_Driver/Src/stm32f1xx_hal.o
 .debug_macro   0x000000000000135a      0x1df HAL_Driver/Src/stm32f1xx_hal.o
 .debug_macro   0x0000000000001539       0x34 HAL_Driver/Src/stm32f1xx_hal.o
 .debug_macro   0x000000000000156d       0x34 HAL_Driver/Src/stm32f1xx_hal.o
 .debug_macro   0x00000000000015a1      0xb8e HAL_Driver/Src/stm32f1xx_hal.o
 .debug_macro   0x000000000000212f     0xe911 HAL_Driver/Src/stm32f1xx_hal.o
 .debug_macro   0x0000000000010a40       0x43 HAL_Driver/Src/stm32f1xx_hal.o
 .debug_macro   0x0000000000010a83       0x5e HAL_Driver/Src/stm32f1xx_hal.o
 .debug_macro   0x0000000000010ae1       0x18 HAL_Driver/Src/stm32f1xx_hal.o
 .debug_macro   0x0000000000010af9       0x35 HAL_Driver/Src/stm32f1xx_hal.o
 .debug_macro   0x0000000000010b2e       0x34 HAL_Driver/Src/stm32f1xx_hal.o
 .debug_macro   0x0000000000010b62       0x16 HAL_Driver/Src/stm32f1xx_hal.o
 .debug_macro   0x0000000000010b78       0x97 HAL_Driver/Src/stm32f1xx_hal.o
 .debug_macro   0x0000000000010c0f      0x330 HAL_Driver/Src/stm32f1xx_hal.o
 .debug_macro   0x0000000000010f3f       0xfd HAL_Driver/Src/stm32f1xx_hal.o
 .debug_macro   0x000000000001103c       0x10 HAL_Driver/Src/stm32f1xx_hal.o
 .debug_macro   0x000000000001104c       0x58 HAL_Driver/Src/stm32f1xx_hal.o
 .debug_macro   0x00000000000110a4       0x1f HAL_Driver/Src/stm32f1xx_hal.o
 .debug_macro   0x00000000000110c3       0x43 HAL_Driver/Src/stm32f1xx_hal.o
 .debug_macro   0x0000000000011106       0x20 HAL_Driver/Src/stm32f1xx_hal.o
 .debug_macro   0x0000000000011126      0x18e HAL_Driver/Src/stm32f1xx_hal.o
 .debug_macro   0x00000000000112b4       0x10 HAL_Driver/Src/stm32f1xx_hal.o
 .debug_macro   0x00000000000112c4       0x1c HAL_Driver/Src/stm32f1xx_hal.o
 .debug_macro   0x00000000000112e0       0x52 HAL_Driver/Src/stm32f1xx_hal.o
 .debug_macro   0x0000000000011332       0x40 HAL_Driver/Src/stm32f1xx_hal.o
 .debug_macro   0x0000000000011372       0x10 HAL_Driver/Src/stm32f1xx_hal.o
 .debug_macro   0x0000000000011382       0x40 HAL_Driver/Src/stm32f1xx_hal.o
 .debug_macro   0x00000000000113c2       0xd7 HAL_Driver/Src/stm32f1xx_hal.o
 .debug_macro   0x0000000000011499       0x1c HAL_Driver/Src/stm32f1xx_hal.o
 .debug_macro   0x00000000000114b5       0x3d HAL_Driver/Src/stm32f1xx_hal.o
 .debug_macro   0x00000000000114f2       0x16 HAL_Driver/Src/stm32f1xx_hal.o
 .debug_macro   0x0000000000011508      0x16f HAL_Driver/Src/stm32f1xx_hal.o
 .debug_macro   0x0000000000011677       0x57 HAL_Driver/Src/stm32f1xx_hal.o
 .debug_macro   0x00000000000116ce      0x5c2 HAL_Driver/Src/stm32f1xx_hal.o
 .debug_macro   0x0000000000011c90      0x28a HAL_Driver/Src/stm32f1xx_hal.o
 .debug_macro   0x0000000000011f1a      0x1cb HAL_Driver/Src/stm32f1xx_hal.o
 .debug_macro   0x00000000000120e5      0x11e HAL_Driver/Src/stm32f1xx_hal.o
 .debug_macro   0x0000000000012203      0x1b3 HAL_Driver/Src/stm32f1xx_hal.o
 .debug_macro   0x00000000000123b6       0x27 HAL_Driver/Src/stm32f1xx_hal.o
 .debug_macro   0x00000000000123dd      0x1bc HAL_Driver/Src/stm32f1xx_hal.o
 .debug_macro   0x0000000000012599       0x34 HAL_Driver/Src/stm32f1xx_hal.o
 .debug_macro   0x00000000000125cd       0x3c HAL_Driver/Src/stm32f1xx_hal.o
 .debug_macro   0x0000000000012609      0x408 HAL_Driver/Src/stm32f1xx_hal.o
 .debug_macro   0x0000000000012a11       0x57 HAL_Driver/Src/stm32f1xx_hal.o
 .debug_macro   0x0000000000012a68      0x46a HAL_Driver/Src/stm32f1xx_hal.o
 .debug_macro   0x0000000000012ed2      0x1b5 HAL_Driver/Src/stm32f1xx_hal.o
 .debug_macro   0x0000000000013087       0x22 HAL_Driver/Src/stm32f1xx_hal.o
 .debug_macro   0x00000000000130a9       0x8c HAL_Driver/Src/stm32f1xx_hal.o
 .debug_macro   0x0000000000013135      0x242 HAL_Driver/Src/stm32f1xx_hal.o
 .debug_macro   0x0000000000013377      0x264 HAL_Driver/Src/stm32f1xx_hal.o
 .debug_macro   0x00000000000135db       0x79 HAL_Driver/Src/stm32f1xx_hal.o
 .debug_macro   0x0000000000013654      0x143 HAL_Driver/Src/stm32f1xx_hal.o
 .debug_macro   0x0000000000013797      0x1ef HAL_Driver/Src/stm32f1xx_hal.o
 .debug_macro   0x0000000000013986       0xf2 HAL_Driver/Src/stm32f1xx_hal.o
 .debug_macro   0x0000000000013a78      0x1f4 HAL_Driver/Src/stm32f1xx_hal.o
 .debug_macro   0x0000000000013c6c      0x853 HAL_Driver/Src/stm32f1xx_hal.o
 .debug_macro   0x00000000000144bf       0x1f HAL_Driver/Src/stm32f1xx_hal.o
 .debug_macro   0x00000000000144de      0x26b HAL_Driver/Src/stm32f1xx_hal.o
 .debug_macro   0x0000000000014749      0x217 HAL_Driver/Src/stm32f1xx_hal.o
 .debug_macro   0x0000000000014960      0x1a7 HAL_Driver/Src/stm32f1xx_hal.o
 .debug_macro   0x0000000000014b07      0x2cd HAL_Driver/Src/stm32f1xx_hal.o
 .debug_macro   0x0000000000014dd4       0x89 HAL_Driver/Src/stm32f1xx_hal.o
 .debug_macro   0x0000000000014e5d       0x50 HAL_Driver/Src/stm32f1xx_hal.o
 .debug_macro   0x0000000000014ead      0x26c HAL_Driver/Src/stm32f1xx_hal.o
 .debug_macro   0x0000000000015119       0x83 HAL_Driver/Src/stm32f1xx_hal.o
 .debug_macro   0x000000000001519c      0x402 HAL_Driver/Src/stm32f1xx_hal_cortex.o
 .debug_macro   0x000000000001559e      0x402 HAL_Driver/Src/stm32f1xx_hal_dma.o
 .debug_macro   0x00000000000159a0      0x472 HAL_Driver/Src/stm32f1xx_hal_gpio.o
 .debug_macro   0x0000000000015e12      0x402 HAL_Driver/Src/stm32f1xx_hal_msp_template.o
 .debug_macro   0x0000000000016214      0x414 HAL_Driver/Src/stm32f1xx_hal_rcc.o
 .debug_macro   0x0000000000016628      0x40a HAL_Driver/Src/stm32f1xx_hal_spi.o
 .debug_macro   0x0000000000016a32      0x402 HAL_Driver/Src/stm32f1xx_hal_spi_ex.o
 .debug_macro   0x0000000000016e34      0x41b src/dma.o
 .debug_macro   0x000000000001724f       0x40 src/dma.o
 .debug_macro   0x000000000001728f      0x41b src/gpio.o
 .debug_macro   0x00000000000176aa      0x45b src/main.o
 .debug_macro   0x0000000000017b05       0x22 src/main.o
 .debug_macro   0x0000000000017b27       0xa6 src/main.o
 .debug_macro   0x0000000000017bcd      0x42a src/nRF24L01.o
 .debug_macro   0x0000000000017ff7      0x41b src/spi.o
 .debug_macro   0x0000000000018412      0x40c src/stm32f1xx_it.o
 .debug_macro   0x000000000001881e      0x408 src/system_stm32f1xx.o
 .debug_macro   0x0000000000018c26      0x405 src/ws2812b.o
 .debug_macro   0x000000000001902b       0x3a src/ws2812b.o

.debug_line     0x0000000000000000     0xb0e7
 .debug_line    0x0000000000000000      0xae1 HAL_Driver/Src/stm32f1xx_hal.o
 .debug_line    0x0000000000000ae1      0xbcf HAL_Driver/Src/stm32f1xx_hal_cortex.o
 .debug_line    0x00000000000016b0      0xd67 HAL_Driver/Src/stm32f1xx_hal_dma.o
 .debug_line    0x0000000000002417      0xb19 HAL_Driver/Src/stm32f1xx_hal_gpio.o
 .debug_line    0x0000000000002f30      0x973 HAL_Driver/Src/stm32f1xx_hal_msp_template.o
 .debug_line    0x00000000000038a3      0xbcb HAL_Driver/Src/stm32f1xx_hal_rcc.o
 .debug_line    0x000000000000446e     0x137b HAL_Driver/Src/stm32f1xx_hal_spi.o
 .debug_line    0x00000000000057e9      0x961 HAL_Driver/Src/stm32f1xx_hal_spi_ex.o
 .debug_line    0x000000000000614a      0x963 src/dma.o
 .debug_line    0x0000000000006aad      0x97c src/gpio.o
 .debug_line    0x0000000000007429      0xa60 src/main.o
 .debug_line    0x0000000000007e89      0xb0d src/nRF24L01.o
 .debug_line    0x0000000000008996      0x9dd src/spi.o
 .debug_line    0x0000000000009373      0x96a src/stm32f1xx_it.o
 .debug_line    0x0000000000009cdd      0x969 src/system_stm32f1xx.o
 .debug_line    0x000000000000a646      0xa25 src/ws2812b.o
 .debug_line    0x000000000000b06b       0x7c startup/startup_stm32.o

.debug_str      0x0000000000000000    0x82eb6
 .debug_str     0x0000000000000000    0x81087 HAL_Driver/Src/stm32f1xx_hal.o
                                      0x81414 (size before relaxing)
 .debug_str     0x0000000000081087      0x314 HAL_Driver/Src/stm32f1xx_hal_cortex.o
                                      0x81428 (size before relaxing)
 .debug_str     0x000000000008139b      0x3de HAL_Driver/Src/stm32f1xx_hal_dma.o
                                      0x81180 (size before relaxing)
 .debug_str     0x0000000000081779      0x399 HAL_Driver/Src/stm32f1xx_hal_gpio.o
                                      0x8116f (size before relaxing)
 .debug_str     0x0000000000081b12       0x51 HAL_Driver/Src/stm32f1xx_hal_msp_template.o
                                      0x80d8b (size before relaxing)
 .debug_str     0x0000000000081b63      0x356 HAL_Driver/Src/stm32f1xx_hal_rcc.o
                                      0x8119d (size before relaxing)
 .debug_str     0x0000000000081eb9      0x729 HAL_Driver/Src/stm32f1xx_hal_spi.o
                                      0x816b5 (size before relaxing)
 .debug_str     0x00000000000825e2       0x42 HAL_Driver/Src/stm32f1xx_hal_spi_ex.o
                                      0x8116d (size before relaxing)
 .debug_str     0x0000000000082624      0x153 src/dma.o
                                      0x8118e (size before relaxing)
 .debug_str     0x0000000000082777       0x35 src/gpio.o
                                      0x80f34 (size before relaxing)
 .debug_str     0x00000000000827ac      0x35d src/main.o
                                      0x816e7 (size before relaxing)
 .debug_str     0x0000000000082b09      0x23e src/nRF24L01.o
                                      0x81717 (size before relaxing)
 .debug_str     0x0000000000082d47       0x3e src/spi.o
                                      0x81322 (size before relaxing)
 .debug_str     0x0000000000082d85       0x38 src/stm32f1xx_it.o
                                      0x80d58 (size before relaxing)
 .debug_str     0x0000000000082dbd       0x69 src/system_stm32f1xx.o
                                      0x80e2c (size before relaxing)
 .debug_str     0x0000000000082e26       0x67 src/ws2812b.o
                                      0x811c4 (size before relaxing)
 .debug_str     0x0000000000082e8d       0x29 startup/startup_stm32.o
                                         0x5b (size before relaxing)

.comment        0x0000000000000000       0x7f
 .comment       0x0000000000000000       0x7f HAL_Driver/Src/stm32f1xx_hal.o
                                         0x80 (size before relaxing)
 .comment       0x000000000000007f       0x80 HAL_Driver/Src/stm32f1xx_hal_cortex.o
 .comment       0x000000000000007f       0x80 HAL_Driver/Src/stm32f1xx_hal_dma.o
 .comment       0x000000000000007f       0x80 HAL_Driver/Src/stm32f1xx_hal_gpio.o
 .comment       0x000000000000007f       0x80 HAL_Driver/Src/stm32f1xx_hal_msp_template.o
 .comment       0x000000000000007f       0x80 HAL_Driver/Src/stm32f1xx_hal_rcc.o
 .comment       0x000000000000007f       0x80 HAL_Driver/Src/stm32f1xx_hal_spi.o
 .comment       0x000000000000007f       0x80 HAL_Driver/Src/stm32f1xx_hal_spi_ex.o
 .comment       0x000000000000007f       0x80 src/dma.o
 .comment       0x000000000000007f       0x80 src/gpio.o
 .comment       0x000000000000007f       0x80 src/main.o
 .comment       0x000000000000007f       0x80 src/nRF24L01.o
 .comment       0x000000000000007f       0x80 src/spi.o
 .comment       0x000000000000007f       0x80 src/stm32f1xx_it.o
 .comment       0x000000000000007f       0x80 src/system_stm32f1xx.o
 .comment       0x000000000000007f       0x80 src/ws2812b.o

.debug_frame    0x0000000000000000     0x1d64
 .debug_frame   0x0000000000000000      0x2fc HAL_Driver/Src/stm32f1xx_hal.o
 .debug_frame   0x00000000000002fc      0x428 HAL_Driver/Src/stm32f1xx_hal_cortex.o
 .debug_frame   0x0000000000000724      0x208 HAL_Driver/Src/stm32f1xx_hal_dma.o
 .debug_frame   0x000000000000092c      0x14c HAL_Driver/Src/stm32f1xx_hal_gpio.o
 .debug_frame   0x0000000000000a78       0x90 HAL_Driver/Src/stm32f1xx_hal_msp_template.o
 .debug_frame   0x0000000000000b08      0x21c HAL_Driver/Src/stm32f1xx_hal_rcc.o
 .debug_frame   0x0000000000000d24      0x8bc HAL_Driver/Src/stm32f1xx_hal_spi.o
 .debug_frame   0x00000000000015e0       0x5c HAL_Driver/Src/stm32f1xx_hal_spi_ex.o
 .debug_frame   0x000000000000163c       0x34 src/dma.o
 .debug_frame   0x0000000000001670       0x34 src/gpio.o
 .debug_frame   0x00000000000016a4       0x74 src/main.o
 .debug_frame   0x0000000000001718      0x29c src/nRF24L01.o
 .debug_frame   0x00000000000019b4       0x90 src/spi.o
 .debug_frame   0x0000000000001a44       0x2c src/stm32f1xx_it.o
 .debug_frame   0x0000000000001a70       0x58 src/system_stm32f1xx.o
 .debug_frame   0x0000000000001ac8       0xa4 src/ws2812b.o
 .debug_frame   0x0000000000001b6c       0x2c /home/warchlak/.p2/pool/plugins/fr.ac6.mcu.externaltools.arm-none.linux64_1.17.0.201812190825/tools/compiler/bin/../lib/gcc/arm-none-eabi/7.3.1/../../../../arm-none-eabi/lib/thumb/v7-m/libc.a(lib_a-init.o)
 .debug_frame   0x0000000000001b98       0x38 /home/warchlak/.p2/pool/plugins/fr.ac6.mcu.externaltools.arm-none.linux64_1.17.0.201812190825/tools/compiler/bin/../lib/gcc/arm-none-eabi/7.3.1/../../../../arm-none-eabi/lib/thumb/v7-m/libc.a(lib_a-memset.o)
 .debug_frame   0x0000000000001bd0       0x5c /home/warchlak/.p2/pool/plugins/fr.ac6.mcu.externaltools.arm-none.linux64_1.17.0.201812190825/tools/compiler/bin/../lib/gcc/arm-none-eabi/7.3.1/../../../../arm-none-eabi/lib/thumb/v7-m/libc.a(lib_a-__call_atexit.o)
 .debug_frame   0x0000000000001c2c       0x20 /home/warchlak/.p2/pool/plugins/fr.ac6.mcu.externaltools.arm-none.linux64_1.17.0.201812190825/tools/compiler/bin/../lib/gcc/arm-none-eabi/7.3.1/../../../../arm-none-eabi/lib/thumb/v7-m/libc.a(lib_a-atexit.o)
 .debug_frame   0x0000000000001c4c       0x34 /home/warchlak/.p2/pool/plugins/fr.ac6.mcu.externaltools.arm-none.linux64_1.17.0.201812190825/tools/compiler/bin/../lib/gcc/arm-none-eabi/7.3.1/../../../../arm-none-eabi/lib/thumb/v7-m/libc.a(lib_a-fini.o)
 .debug_frame   0x0000000000001c80       0xb0 /home/warchlak/.p2/pool/plugins/fr.ac6.mcu.externaltools.arm-none.linux64_1.17.0.201812190825/tools/compiler/bin/../lib/gcc/arm-none-eabi/7.3.1/../../../../arm-none-eabi/lib/thumb/v7-m/libc.a(lib_a-lock.o)
 .debug_frame   0x0000000000001d30       0x34 /home/warchlak/.p2/pool/plugins/fr.ac6.mcu.externaltools.arm-none.linux64_1.17.0.201812190825/tools/compiler/bin/../lib/gcc/arm-none-eabi/7.3.1/../../../../arm-none-eabi/lib/thumb/v7-m/libc.a(lib_a-__atexit.o)
